Component: ARM Compiler 5.06 update 5 (build 528) Tool: armlink [4d35e2]

==============================================================================

Section Cross References

    startup_stm32f469xx.o(RESET) refers to startup_stm32f469xx.o(STACK) for __initial_sp
    startup_stm32f469xx.o(RESET) refers to startup_stm32f469xx.o(.text) for Reset_Handler
    startup_stm32f469xx.o(RESET) refers to stm32f4xx_it.o(i.NMI_Handler) for NMI_Handler
    startup_stm32f469xx.o(RESET) refers to stm32f4xx_it.o(i.HardFault_Handler) for HardFault_Handler
    startup_stm32f469xx.o(RESET) refers to stm32f4xx_it.o(i.MemManage_Handler) for MemManage_Handler
    startup_stm32f469xx.o(RESET) refers to stm32f4xx_it.o(i.BusFault_Handler) for BusFault_Handler
    startup_stm32f469xx.o(RESET) refers to stm32f4xx_it.o(i.UsageFault_Handler) for UsageFault_Handler
    startup_stm32f469xx.o(RESET) refers to stm32f4xx_it.o(i.SVC_Handler) for SVC_Handler
    startup_stm32f469xx.o(RESET) refers to stm32f4xx_it.o(i.DebugMon_Handler) for DebugMon_Handler
    startup_stm32f469xx.o(RESET) refers to stm32f4xx_it.o(i.PendSV_Handler) for PendSV_Handler
    startup_stm32f469xx.o(RESET) refers to stm32f4xx_it.o(i.SysTick_Handler) for SysTick_Handler
    startup_stm32f469xx.o(RESET) refers to stm32f4xx_it.o(i.DMA1_Stream5_IRQHandler) for DMA1_Stream5_IRQHandler
    startup_stm32f469xx.o(RESET) refers to stm32f4xx_it.o(i.DMA1_Stream6_IRQHandler) for DMA1_Stream6_IRQHandler
    startup_stm32f469xx.o(.text) refers to system_stm32f4xx.o(i.SystemInit) for SystemInit
    startup_stm32f469xx.o(.text) refers to entry.o(.ARM.Collect$$$$00000000) for __main
    sd_diskio.o(i.SD_initialize) refers to bsp_driver_sd.o(i.BSP_SD_Init) for BSP_SD_Init
    sd_diskio.o(i.SD_initialize) refers to sd_diskio.o(.data) for .data
    sd_diskio.o(i.SD_ioctl) refers to bsp_driver_sd.o(i.BSP_SD_GetCardInfo) for BSP_SD_GetCardInfo
    sd_diskio.o(i.SD_ioctl) refers to sd_diskio.o(.data) for .data
    sd_diskio.o(i.SD_read) refers to bsp_driver_sd.o(i.BSP_SD_ReadBlocks) for BSP_SD_ReadBlocks
    sd_diskio.o(i.SD_read) refers to bsp_driver_sd.o(i.BSP_SD_GetCardState) for BSP_SD_GetCardState
    sd_diskio.o(i.SD_status) refers to bsp_driver_sd.o(i.BSP_SD_GetCardState) for BSP_SD_GetCardState
    sd_diskio.o(i.SD_status) refers to sd_diskio.o(.data) for .data
    sd_diskio.o(i.SD_write) refers to bsp_driver_sd.o(i.BSP_SD_WriteBlocks) for BSP_SD_WriteBlocks
    sd_diskio.o(i.SD_write) refers to bsp_driver_sd.o(i.BSP_SD_GetCardState) for BSP_SD_GetCardState
    sd_diskio.o(.constdata) refers to sd_diskio.o(i.SD_initialize) for SD_initialize
    sd_diskio.o(.constdata) refers to sd_diskio.o(i.SD_status) for SD_status
    sd_diskio.o(.constdata) refers to sd_diskio.o(i.SD_read) for SD_read
    sd_diskio.o(.constdata) refers to sd_diskio.o(i.SD_write) for SD_write
    sd_diskio.o(.constdata) refers to sd_diskio.o(i.SD_ioctl) for SD_ioctl
    ff.o(i.check_fs) refers to ff.o(i.move_window) for move_window
    ff.o(i.chk_lock) refers to ff.o(.bss) for .bss
    ff.o(i.clear_lock) refers to ff.o(.bss) for .bss
    ff.o(i.create_chain) refers to ff.o(i.get_fat) for get_fat
    ff.o(i.create_chain) refers to ff.o(i.put_fat) for put_fat
    ff.o(i.create_name) refers to ff.o(i.mem_set) for mem_set
    ff.o(i.create_name) refers to ff.o(.constdata) for .constdata
    ff.o(i.dec_lock) refers to ff.o(.bss) for .bss
    ff.o(i.dir_next) refers to ff.o(i.get_fat) for get_fat
    ff.o(i.dir_next) refers to ff.o(i.create_chain) for create_chain
    ff.o(i.dir_next) refers to ff.o(i.sync_window) for sync_window
    ff.o(i.dir_next) refers to ff.o(i.mem_set) for mem_set
    ff.o(i.dir_next) refers to ff.o(i.clust2sect) for clust2sect
    ff.o(i.dir_read) refers to ff.o(i.move_window) for move_window
    ff.o(i.dir_read) refers to ff.o(i.dir_next) for dir_next
    ff.o(i.dir_register) refers to ff.o(i.dir_sdi) for dir_sdi
    ff.o(i.dir_register) refers to ff.o(i.move_window) for move_window
    ff.o(i.dir_register) refers to ff.o(i.dir_next) for dir_next
    ff.o(i.dir_register) refers to ff.o(i.mem_set) for mem_set
    ff.o(i.dir_register) refers to ff.o(i.mem_cpy) for mem_cpy
    ff.o(i.dir_remove) refers to ff.o(i.dir_sdi) for dir_sdi
    ff.o(i.dir_remove) refers to ff.o(i.move_window) for move_window
    ff.o(i.dir_remove) refers to ff.o(i.mem_set) for mem_set
    ff.o(i.dir_sdi) refers to ff.o(i.get_fat) for get_fat
    ff.o(i.dir_sdi) refers to ff.o(i.clust2sect) for clust2sect
    ff.o(i.f_chmod) refers to ff.o(i.find_volume) for find_volume
    ff.o(i.f_chmod) refers to ff.o(i.follow_path) for follow_path
    ff.o(i.f_chmod) refers to ff.o(i.sync_fs) for sync_fs
    ff.o(i.f_close) refers to ff.o(i.f_sync) for f_sync
    ff.o(i.f_close) refers to ff.o(i.validate) for validate
    ff.o(i.f_close) refers to ff.o(i.dec_lock) for dec_lock
    ff.o(i.f_closedir) refers to ff.o(i.validate) for validate
    ff.o(i.f_closedir) refers to ff.o(i.dec_lock) for dec_lock
[...]
    ../Src/gpio.c                            0x00000000   Number         0  gpio.o ABSOLUTE
    ../Src/main.c                            0x00000000   Number         0  main.o ABSOLUTE
    ../Src/sdio.c                            0x00000000   Number         0  sdio.o ABSOLUTE
    ../Src/stm32f4xx_hal_msp.c               0x00000000   Number         0  stm32f4xx_hal_msp.o ABSOLUTE
    ../Src/stm32f4xx_it.c                    0x00000000   Number         0  stm32f4xx_it.o ABSOLUTE
    ../Src/system_stm32f4xx.c                0x00000000   Number         0  system_stm32f4xx.o ABSOLUTE
    ../Src/tim.c                             0x00000000   Number         0  tim.o ABSOLUTE
    ../clib/microlib/init/entry.s            0x00000000   Number         0  entry7b.o ABSOLUTE
    ../clib/microlib/init/entry.s            0x00000000   Number         0  entry7a.o ABSOLUTE
    ../clib/microlib/init/entry.s            0x00000000   Number         0  entry5.o ABSOLUTE
    ../clib/microlib/init/entry.s            0x00000000   Number         0  entry.o ABSOLUTE
    ../clib/microlib/init/entry.s            0x00000000   Number         0  entry2.o ABSOLUTE
    ../clib/microlib/init/entry.s            0x00000000   Number         0  entry8b.o ABSOLUTE
    ../clib/microlib/init/entry.s            0x00000000   Number         0  entry11b.o ABSOLUTE
    ../clib/microlib/init/entry.s            0x00000000   Number         0  entry9b.o ABSOLUTE
    ../clib/microlib/init/entry.s            0x00000000   Number         0  entry9a.o ABSOLUTE
    ../clib/microlib/init/entry.s            0x00000000   Number         0  entry8a.o ABSOLUTE
    ../clib/microlib/init/entry.s            0x00000000   Number         0  entry10a.o ABSOLUTE
    ../clib/microlib/init/entry.s            0x00000000   Number         0  entry10b.o ABSOLUTE
    ../clib/microlib/init/entry.s            0x00000000   Number         0  entry11a.o ABSOLUTE
    ..\Drivers\STM32F4xx_HAL_Driver\Src\stm32f4xx_hal.c 0x00000000   Number         0  stm32f4xx_hal.o ABSOLUTE
    ..\Drivers\STM32F4xx_HAL_Driver\Src\stm32f4xx_hal_adc.c 0x00000000   Number         0  stm32f4xx_hal_adc.o ABSOLUTE
    ..\Drivers\STM32F4xx_HAL_Driver\Src\stm32f4xx_hal_adc_ex.c 0x00000000   Number         0  stm32f4xx_hal_adc_ex.o ABSOLUTE
    ..\Drivers\STM32F4xx_HAL_Driver\Src\stm32f4xx_hal_cortex.c 0x00000000   Number         0  stm32f4xx_hal_cortex.o ABSOLUTE
    ..\Drivers\STM32F4xx_HAL_Driver\Src\stm32f4xx_hal_dac.c 0x00000000   Number         0  stm32f4xx_hal_dac.o ABSOLUTE
    ..\Drivers\STM32F4xx_HAL_Driver\Src\stm32f4xx_hal_dac_ex.c 0x00000000   Number         0  stm32f4xx_hal_dac_ex.o ABSOLUTE
    ..\Drivers\STM32F4xx_HAL_Driver\Src\stm32f4xx_hal_dma.c 0x00000000   Number         0  stm32f4xx_hal_dma.o ABSOLUTE
    ..\Drivers\STM32F4xx_HAL_Driver\Src\stm32f4xx_hal_dma_ex.c 0x00000000   Number         0  stm32f4xx_hal_dma_ex.o ABSOLUTE
    ..\Drivers\STM32F4xx_HAL_Driver\Src\stm32f4xx_hal_flash.c 0x00000000   Number         0  stm32f4xx_hal_flash.o ABSOLUTE
    ..\Drivers\STM32F4xx_HAL_Driver\Src\stm32f4xx_hal_flash_ex.c 0x00000000   Number         0  stm32f4xx_hal_flash_ex.o ABSOLUTE
    ..\Drivers\STM32F4xx_HAL_Driver\Src\stm32f4xx_hal_flash_ramfunc.c 0x00000000   Number         0  stm32f4xx_hal_flash_ramfunc.o ABSOLUTE
    ..\Drivers\STM32F4xx_HAL_Driver\Src\stm32f4xx_hal_gpio.c 0x00000000   Number         0  stm32f4xx_hal_gpio.o ABSOLUTE
    ..\Drivers\STM32F4xx_HAL_Driver\Src\stm32f4xx_hal_pwr.c 0x00000000   Number         0  stm32f4xx_hal_pwr.o ABSOLUTE
    ..\Drivers\STM32F4xx_HAL_Driver\Src\stm32f4xx_hal_pwr_ex.c 0x00000000   Number         0  stm32f4xx_hal_pwr_ex.o ABSOLUTE
    ..\Drivers\STM32F4xx_HAL_Driver\Src\stm32f4xx_hal_rcc.c 0x00000000   Number         0  stm32f4xx_hal_rcc.o ABSOLUTE
    ..\Drivers\STM32F4xx_HAL_Driver\Src\stm32f4xx_hal_rcc_ex.c 0x00000000   Number         0  stm32f4xx_hal_rcc_ex.o ABSOLUTE
    ..\Drivers\STM32F4xx_HAL_Driver\Src\stm32f4xx_hal_sd.c 0x00000000   Number         0  stm32f4xx_hal_sd.o ABSOLUTE
    ..\Drivers\STM32F4xx_HAL_Driver\Src\stm32f4xx_hal_tim.c 0x00000000   Number         0  stm32f4xx_hal_tim.o ABSOLUTE
    ..\Drivers\STM32F4xx_HAL_Driver\Src\stm32f4xx_hal_tim_ex.c 0x00000000   Number         0  stm32f4xx_hal_tim_ex.o ABSOLUTE
    ..\Drivers\STM32F4xx_HAL_Driver\Src\stm32f4xx_ll_sdmmc.c 0x00000000   Number         0  stm32f4xx_ll_sdmmc.o ABSOLUTE
    ..\Middlewares\Third_Party\FatFs\src\diskio.c 0x00000000   Number         0  diskio.o ABSOLUTE
    ..\Middlewares\Third_Party\FatFs\src\drivers\sd_diskio.c 0x00000000   Number         0  sd_diskio.o ABSOLUTE
    ..\Middlewares\Third_Party\FatFs\src\ff.c 0x00000000   Number         0  ff.o ABSOLUTE
    ..\Middlewares\Third_Party\FatFs\src\ff_gen_drv.c 0x00000000   Number         0  ff_gen_drv.o ABSOLUTE
    ..\Middlewares\Third_Party\FatFs\src\option\syscall.c 0x00000000   Number         0  syscall.o ABSOLUTE
    ..\Src\adc.c                             0x00000000   Number         0  adc.o ABSOLUTE
    ..\Src\bsp_driver_sd.c                   0x00000000   Number         0  bsp_driver_sd.o ABSOLUTE
    ..\Src\dac.c                             0x00000000   Number         0  dac.o ABSOLUTE
    ..\Src\dma.c                             0x00000000   Number         0  dma.o ABSOLUTE
    ..\Src\fatfs.c                           0x00000000   Number         0  fatfs.o ABSOLUTE
    ..\Src\gpio.c                            0x00000000   Number         0  gpio.o ABSOLUTE
    ..\Src\main.c                            0x00000000   Number         0  main.o ABSOLUTE
    ..\Src\sdio.c                            0x00000000   Number         0  sdio.o ABSOLUTE
    ..\Src\stm32f4xx_hal_msp.c               0x00000000   Number         0  stm32f4xx_hal_msp.o ABSOLUTE
    ..\Src\stm32f4xx_it.c                    0x00000000   Number         0  stm32f4xx_it.o ABSOLUTE
    ..\Src\system_stm32f4xx.c                0x00000000   Number         0  system_stm32f4xx.o ABSOLUTE
    ..\Src\tim.c                             0x00000000   Number         0  tim.o ABSOLUTE
    dc.s                                     0x00000000   Number         0  dc.o ABSOLUTE
    handlers.s                               0x00000000   Number         0  handlers.o ABSOLUTE
    init.s                                   0x00000000   Number         0  init.o ABSOLUTE
    startup_stm32f469xx.s                    0x00000000   Number         0  startup_stm32f469xx.o ABSOLUTE
    RESET                                    0x08000000   Section      436  startup_stm32f469xx.o(RESET)
    .ARM.Collect$$$$00000000                 0x080001b4   Section        0  entry.o(.ARM.Collect$$$$00000000)
    .ARM.Collect$$$$00000001                 0x080001b4   Section        4  entry2.o(.ARM.Collect$$$$00000001)
    .ARM.Collect$$$$00000004                 0x080001b8   Section        4  entry5.o(.ARM.Collect$$$$00000004)
    .ARM.Collect$$$$00000008                 0x080001bc   Section        0  entry7b.o(.ARM.Collect$$$$00000008)
    .ARM.Collect$$$$0000000A                 0x080001bc   Section        0  entry8b.o(.ARM.Collect$$$$0000000A)
    .ARM.Collect$$$$0000000B                 0x080001bc   Section        8  entry9a.o(.ARM.Collect$$$$0000000B)
    .ARM.Collect$$$$0000000D                 0x080001c4   Section        0  entry10a.o(.ARM.Collect$$$$0000000D)
    .ARM.Collect$$$$0000000F                 0x080001c4   Section        0  entry11a.o(.ARM.Collect$$$$0000000F)
    .ARM.Collect$$$$00002712                 0x080001c4   Section        4  entry2.o(.ARM.Collect$$$$00002712)
    __lit__00000000                          0x080001c4   Data           4  entry2.o(.ARM.Collect$$$$00002712)
    .text                                    0x080001c8   Section       36  startup_stm32f469xx.o(.text)
    $v0                                      0x080001c8   Number         0  startup_stm32f469xx.o(.text)
    .text                                    0x080001ec   Section       36  init.o(.text)
    i.ADC_Init                               0x08000210   Section        0  stm32f4xx_hal_adc.o(i.ADC_Init)
    ADC_Init                                 0x08000211   Thumb Code   292  stm32f4xx_hal_adc.o(i.ADC_Init)
    i.BSP_SD_GetCardInfo                     0x0800033c   Section        0  bsp_driver_sd.o(i.BSP_SD_GetCardInfo)
    i.BSP_SD_GetCardState                    0x08000348   Section        0  bsp_driver_sd.o(i.BSP_SD_GetCardState)
    i.BSP_SD_Init                            0x08000360   Section        0  bsp_driver_sd.o(i.BSP_SD_Init)
    i.BSP_SD_ReadBlocks                      0x08000384   Section        0  bsp_driver_sd.o(i.BSP_SD_ReadBlocks)
    i.BSP_SD_WriteBlocks                     0x080003a4   Section        0  bsp_driver_sd.o(i.BSP_SD_WriteBlocks)
    i.BusFault_Handler                       0x080003c4   Section        0  stm32f4xx_it.o(i.BusFault_Handler)
    i.DAC_DMAConvCpltCh1                     0x080003c6   Section        0  stm32f4xx_hal_dac.o(i.DAC_DMAConvCpltCh1)
    DAC_DMAConvCpltCh1                       0x080003c7   Thumb Code    16  stm32f4xx_hal_dac.o(i.DAC_DMAConvCpltCh1)
    i.DAC_DMAConvCpltCh2                     0x080003d6   Section        0  stm32f4xx_hal_dac_ex.o(i.DAC_DMAConvCpltCh2)
    i.DAC_DMAErrorCh1                        0x080003e6   Section        0  stm32f4xx_hal_dac.o(i.DAC_DMAErrorCh1)
    DAC_DMAErrorCh1                          0x080003e7   Thumb Code    24  stm32f4xx_hal_dac.o(i.DAC_DMAErrorCh1)
    i.DAC_DMAErrorCh2                        0x080003fe   Section        0  stm32f4xx_hal_dac_ex.o(i.DAC_DMAErrorCh2)
    i.DAC_DMAHalfConvCpltCh1                 0x08000416   Section        0  stm32f4xx_hal_dac.o(i.DAC_DMAHalfConvCpltCh1)
    DAC_DMAHalfConvCpltCh1                   0x08000417   Thumb Code    10  stm32f4xx_hal_dac.o(i.DAC_DMAHalfConvCpltCh1)
    i.DAC_DMAHalfConvCpltCh2                 0x08000420   Section        0  stm32f4xx_hal_dac_ex.o(i.DAC_DMAHalfConvCpltCh2)
    i.DMA1_Stream5_IRQHandler                0x0800042c   Section        0  stm32f4xx_it.o(i.DMA1_Stream5_IRQHandler)
    i.DMA1_Stream6_IRQHandler                0x08000438   Section        0  stm32f4xx_it.o(i.DMA1_Stream6_IRQHandler)
    i.DMA_CalcBaseAndBitshift                0x08000444   Section        0  stm32f4xx_hal_dma.o(i.DMA_CalcBaseAndBitshift)
    DMA_CalcBaseAndBitshift                  0x08000445   Thumb Code    34  stm32f4xx_hal_dma.o(i.DMA_CalcBaseAndBitshift)
    i.DMA_CheckFifoParam                     0x0800046c   Section        0  stm32f4xx_hal_dma.o(i.DMA_CheckFifoParam)
    DMA_CheckFifoParam                       0x0800046d   Thumb Code    84  stm32f4xx_hal_dma.o(i.DMA_CheckFifoParam)
    i.DMA_SetConfig                          0x080004c0   Section        0  stm32f4xx_hal_dma.o(i.DMA_SetConfig)
    DMA_SetConfig                            0x080004c1   Thumb Code    40  stm32f4xx_hal_dma.o(i.DMA_SetConfig)
    i.DebugMon_Handler                       0x080004e8   Section        0  stm32f4xx_it.o(i.DebugMon_Handler)
    i.FATFS_LinkDriver                       0x080004ea   Section        0  ff_gen_drv.o(i.FATFS_LinkDriver)
    i.FATFS_LinkDriverEx                     0x080004f0   Section        0  ff_gen_drv.o(i.FATFS_LinkDriverEx)
    i.HAL_ADC_ConfigChannel                  0x08000530   Section        0  stm32f4xx_hal_adc.o(i.HAL_ADC_ConfigChannel)
    i.HAL_ADC_GetValue                       0x08000684   Section        0  stm32f4xx_hal_adc.o(i.HAL_ADC_GetValue)
    i.HAL_ADC_Init                           0x0800068a   Section        0  stm32f4xx_hal_adc.o(i.HAL_ADC_Init)
    i.HAL_ADC_MspInit                        0x080006e0   Section        0  adc.o(i.HAL_ADC_MspInit)
    i.HAL_ADC_PollForConversion              0x08000724   Section        0  stm32f4xx_hal_adc.o(i.HAL_ADC_PollForConversion)
    i.HAL_ADC_Start                          0x080007c8   Section        0  stm32f4xx_hal_adc.o(i.HAL_ADC_Start)
    i.HAL_DACEx_ConvCpltCallbackCh2          0x08000884   Section        0  stm32f4xx_hal_dac_ex.o(i.HAL_DACEx_ConvCpltCallbackCh2)
    i.HAL_DACEx_ConvHalfCpltCallbackCh2      0x08000886   Section        0  stm32f4xx_hal_dac_ex.o(i.HAL_DACEx_ConvHalfCpltCallbackCh2)
    i.HAL_DACEx_ErrorCallbackCh2             0x08000888   Section        0  stm32f4xx_hal_dac_ex.o(i.HAL_DACEx_ErrorCallbackCh2)
    i.HAL_DAC_ConfigChannel                  0x0800088a   Section        0  stm32f4xx_hal_dac.o(i.HAL_DAC_ConfigChannel)
    i.HAL_DAC_ConvCpltCallbackCh1            0x080008cc   Section        0  stm32f4xx_hal_dac.o(i.HAL_DAC_ConvCpltCallbackCh1)
    i.HAL_DAC_ConvHalfCpltCallbackCh1        0x080008ce   Section        0  stm32f4xx_hal_dac.o(i.HAL_DAC_ConvHalfCpltCallbackCh1)
    i.HAL_DAC_ErrorCallbackCh1               0x080008d0   Section        0  stm32f4xx_hal_dac.o(i.HAL_DAC_ErrorCallbackCh1)
    i.HAL_DAC_Init                           0x080008d2   Section        0  stm32f4xx_hal_dac.o(i.HAL_DAC_Init)
    i.HAL_DAC_MspInit                        0x080008fc   Section        0  dac.o(i.HAL_DAC_MspInit)
    i.HAL_DAC_Start_DMA                      0x080009d8   Section        0  stm32f4xx_hal_dac.o(i.HAL_DAC_Start_DMA)
    i.HAL_DMA_IRQHandler                     0x08000ad8   Section        0  stm32f4xx_hal_dma.o(i.HAL_DMA_IRQHandler)
    i.HAL_DMA_Init                           0x08000c80   Section        0  stm32f4xx_hal_dma.o(i.HAL_DMA_Init)
    i.HAL_DMA_Start_IT                       0x08000d54   Section        0  stm32f4xx_hal_dma.o(i.HAL_DMA_Start_IT)
    i.HAL_Delay                              0x08000dcc   Section        0  stm32f4xx_hal.o(i.HAL_Delay)
    i.HAL_GPIO_Init                          0x08000de8   Section        0  stm32f4xx_hal_gpio.o(i.HAL_GPIO_Init)
    i.HAL_GPIO_TogglePin                     0x08000fb4   Section        0  stm32f4xx_hal_gpio.o(i.HAL_GPIO_TogglePin)
    i.HAL_GPIO_WritePin                      0x08000fbc   Section        0  stm32f4xx_hal_gpio.o(i.HAL_GPIO_WritePin)
    i.HAL_GetTick                            0x08000fc8   Section        0  stm32f4xx_hal.o(i.HAL_GetTick)
    i.HAL_IncTick                            0x08000fd4   Section        0  stm32f4xx_hal.o(i.HAL_IncTick)
    i.HAL_Init                               0x08000fe4   Section        0  stm32f4xx_hal.o(i.HAL_Init)
    i.HAL_InitTick                           0x08001018   Section        0  stm32f4xx_hal.o(i.HAL_InitTick)
    i.HAL_MspInit                            0x08001040   Section        0  stm32f4xx_hal_msp.o(i.HAL_MspInit)
    i.HAL_NVIC_EnableIRQ                     0x08001098   Section        0  stm32f4xx_hal_cortex.o(i.HAL_NVIC_EnableIRQ)
    i.HAL_NVIC_SetPriority                   0x080010b0   Section        0  stm32f4xx_hal_cortex.o(i.HAL_NVIC_SetPriority)
    i.HAL_NVIC_SetPriorityGrouping           0x080010f0   Section        0  stm32f4xx_hal_cortex.o(i.HAL_NVIC_SetPriorityGrouping)
    i.HAL_RCCEx_PeriphCLKConfig              0x08001114   Section        0  stm32f4xx_hal_rcc_ex.o(i.HAL_RCCEx_PeriphCLKConfig)
    i.HAL_RCC_ClockConfig                    0x080014f0   Section        0  stm32f4xx_hal_rcc.o(i.HAL_RCC_ClockConfig)
    i.HAL_RCC_GetHCLKFreq                    0x0800166c   Section        0  stm32f4xx_hal_rcc.o(i.HAL_RCC_GetHCLKFreq)
    i.HAL_RCC_GetSysClockFreq                0x08001678   Section        0  stm32f4xx_hal_rcc.o(i.HAL_RCC_GetSysClockFreq)
    i.HAL_RCC_OscConfig                      0x080016ec   Section        0  stm32f4xx_hal_rcc_ex.o(i.HAL_RCC_OscConfig)
    i.HAL_SD_GetCardCSD                      0x08001a14   Section        0  stm32f4xx_hal_sd.o(i.HAL_SD_GetCardCSD)
    i.HAL_SD_GetCardInfo                     0x08001bee   Section        0  stm32f4xx_hal_sd.o(i.HAL_SD_GetCardInfo)
    i.HAL_SD_GetCardState                    0x08001c12   Section        0  stm32f4xx_hal_sd.o(i.HAL_SD_GetCardState)
    i.HAL_SD_Init                            0x08001c3e   Section        0  stm32f4xx_hal_sd.o(i.HAL_SD_Init)
    i.HAL_SD_InitCard                        0x08001c74   Section        0  stm32f4xx_hal_sd.o(i.HAL_SD_InitCard)
    i.HAL_SD_MspInit                         0x08001cc8   Section        0  sdio.o(i.HAL_SD_MspInit)
    i.HAL_SD_ReadBlocks                      0x08001d2c   Section        0  stm32f4xx_hal_sd.o(i.HAL_SD_ReadBlocks)
    i.HAL_SD_WriteBlocks                     0x08001edc   Section        0  stm32f4xx_hal_sd.o(i.HAL_SD_WriteBlocks)
    i.HAL_SYSTICK_CLKSourceConfig            0x08002072   Section        0  stm32f4xx_hal_cortex.o(i.HAL_SYSTICK_CLKSourceConfig)
    i.HAL_SYSTICK_Callback                   0x0800208a   Section        0  stm32f4xx_hal_cortex.o(i.HAL_SYSTICK_Callback)
    i.HAL_SYSTICK_Config                     0x0800208c   Section        0  stm32f4xx_hal_cortex.o(i.HAL_SYSTICK_Config)
    i.HAL_SYSTICK_IRQHandler                 0x080020b4   Section        0  stm32f4xx_hal_cortex.o(i.HAL_SYSTICK_IRQHandler)
    i.HAL_TIMEx_MasterConfigSynchronization  0x080020bc   Section        0  stm32f4xx_hal_tim_ex.o(i.HAL_TIMEx_MasterConfigSynchronization)
    i.HAL_TIM_Base_Init                      0x0800210c   Section        0  stm32f4xx_hal_tim.o(i.HAL_TIM_Base_Init)
    i.HAL_TIM_Base_MspInit                   0x08002144   Section        0  tim.o(i.HAL_TIM_Base_MspInit)
    i.HAL_TIM_Base_Start                     0x0800219c   Section        0  stm32f4xx_hal_tim.o(i.HAL_TIM_Base_Start)
    i.HAL_TIM_ConfigClockSource              0x080021b6   Section        0  stm32f4xx_hal_tim.o(i.HAL_TIM_ConfigClockSource)
    i.HAL_TIM_MspPostInit                    0x080022a8   Section        0  tim.o(i.HAL_TIM_MspPostInit)
    i.HAL_TIM_PWM_ConfigChannel              0x080022ec   Section        0  stm32f4xx_hal_tim.o(i.HAL_TIM_PWM_ConfigChannel)
    i.HAL_TIM_PWM_Init                       0x080023bc   Section        0  stm32f4xx_hal_tim.o(i.HAL_TIM_PWM_Init)
    i.HAL_TIM_PWM_MspInit                    0x080023f2   Section        0  stm32f4xx_hal_tim.o(i.HAL_TIM_PWM_MspInit)
    i.HardFault_Handler                      0x080023f4   Section        0  stm32f4xx_it.o(i.HardFault_Handler)
    i.MX_ADC1_Init                           0x080023f8   Section        0  adc.o(i.MX_ADC1_Init)
    i.MX_DAC_Init                            0x08002464   Section        0  dac.o(i.MX_DAC_Init)
    i.MX_DMA_Init                            0x080024c8   Section        0  dma.o(i.MX_DMA_Init)
    i.MX_FATFS_Init                          0x08002504   Section        0  fatfs.o(i.MX_FATFS_Init)
    i.MX_GPIO_Init                           0x08002520   Section        0  gpio.o(i.MX_GPIO_Init)
    i.MX_SDIO_SD_Init                        0x080025b8   Section        0  sdio.o(i.MX_SDIO_SD_Init)
    i.MX_TIM2_Init                           0x080025d8   Section        0  tim.o(i.MX_TIM2_Init)
    i.MX_TIM4_Init                           0x08002680   Section        0  tim.o(i.MX_TIM4_Init)
    i.MX_TIM5_Init                           0x080026f4   Section        0  tim.o(i.MX_TIM5_Init)
    i.MemManage_Handler                      0x080027a0   Section        0  stm32f4xx_it.o(i.MemManage_Handler)
    i.NMI_Handler                            0x080027a2   Section        0  stm32f4xx_it.o(i.NMI_Handler)
    i.NVIC_EnableIRQ                         0x080027a4   Section        0  main.o(i.NVIC_EnableIRQ)
    NVIC_EnableIRQ                           0x080027a5   Thumb Code    22  main.o(i.NVIC_EnableIRQ)
    i.NVIC_SetPriority                       0x080027ba   Section        0  stm32f4xx_hal_cortex.o(i.NVIC_SetPriority)
    NVIC_SetPriority                         0x080027bb   Thumb Code    32  stm32f4xx_hal_cortex.o(i.NVIC_SetPriority)
    i.PendSV_Handler                         0x080027da   Section        0  stm32f4xx_it.o(i.PendSV_Handler)
    i.SDIO_ConfigData                        0x080027dc   Section        0  stm32f4xx_ll_sdmmc.o(i.SDIO_ConfigData)
    i.SDIO_GetPowerState                     0x08002800   Section        0  stm32f4xx_ll_sdmmc.o(i.SDIO_GetPowerState)
    i.SDIO_GetResponse                       0x08002808   Section        0  stm32f4xx_ll_sdmmc.o(i.SDIO_GetResponse)
    i.SDIO_Init                              0x08002814   Section        0  stm32f4xx_ll_sdmmc.o(i.SDIO_Init)
    i.SDIO_PowerState_ON                     0x08002838   Section        0  stm32f4xx_ll_sdmmc.o(i.SDIO_PowerState_ON)
    i.SDIO_ReadFIFO                          0x08002840   Section        0  stm32f4xx_ll_sdmmc.o(i.SDIO_ReadFIFO)
    i.SDIO_SendCommand                       0x08002846   Section        0  stm32f4xx_ll_sdmmc.o(i.SDIO_SendCommand)
    i.SDIO_WriteFIFO                         0x08002866   Section        0  stm32f4xx_ll_sdmmc.o(i.SDIO_WriteFIFO)
    i.SDMMC_CmdAppCommand                    0x08002870   Section        0  stm32f4xx_ll_sdmmc.o(i.SDMMC_CmdAppCommand)
    i.SDMMC_CmdAppOperCommand                0x080028a4   Section        0  stm32f4xx_ll_sdmmc.o(i.SDMMC_CmdAppOperCommand)
    i.SDMMC_CmdBlockLength                   0x080028d8   Section        0  stm32f4xx_ll_sdmmc.o(i.SDMMC_CmdBlockLength)
    i.SDMMC_CmdGoIdleState                   0x0800290c   Section        0  stm32f4xx_ll_sdmmc.o(i.SDMMC_CmdGoIdleState)
    i.SDMMC_CmdOperCond                      0x0800295c   Section        0  stm32f4xx_ll_sdmmc.o(i.SDMMC_CmdOperCond)
    i.SDMMC_CmdReadMultiBlock                0x080029c4   Section        0  stm32f4xx_ll_sdmmc.o(i.SDMMC_CmdReadMultiBlock)
    i.SDMMC_CmdReadSingleBlock               0x080029f6   Section        0  stm32f4xx_ll_sdmmc.o(i.SDMMC_CmdReadSingleBlock)
    i.SDMMC_CmdSelDesel                      0x08002a28   Section        0  stm32f4xx_ll_sdmmc.o(i.SDMMC_CmdSelDesel)
    i.SDMMC_CmdSendCID                       0x08002a5a   Section        0  stm32f4xx_ll_sdmmc.o(i.SDMMC_CmdSendCID)
    i.SDMMC_CmdSendCSD                       0x08002a86   Section        0  stm32f4xx_ll_sdmmc.o(i.SDMMC_CmdSendCSD)
    i.SDMMC_CmdSendStatus                    0x08002ab2   Section        0  stm32f4xx_ll_sdmmc.o(i.SDMMC_CmdSendStatus)
    i.SDMMC_CmdSetRelAdd                     0x08002ae4   Section        0  stm32f4xx_ll_sdmmc.o(i.SDMMC_CmdSetRelAdd)
    i.SDMMC_CmdStopTransfer                  0x08002b14   Section        0  stm32f4xx_ll_sdmmc.o(i.SDMMC_CmdStopTransfer)
    i.SDMMC_CmdWriteMultiBlock               0x08002b48   Section        0  stm32f4xx_ll_sdmmc.o(i.SDMMC_CmdWriteMultiBlock)
    i.SDMMC_CmdWriteSingleBlock              0x08002b7a   Section        0  stm32f4xx_ll_sdmmc.o(i.SDMMC_CmdWriteSingleBlock)
    i.SDMMC_GetCmdResp1                      0x08002bac   Section        0  stm32f4xx_ll_sdmmc.o(i.SDMMC_GetCmdResp1)
    SDMMC_GetCmdResp1                        0x08002bad   Thumb Code   276  stm32f4xx_ll_sdmmc.o(i.SDMMC_GetCmdResp1)
    i.SDMMC_GetCmdResp2                      0x08002cc8   Section        0  stm32f4xx_ll_sdmmc.o(i.SDMMC_GetCmdResp2)
    SDMMC_GetCmdResp2                        0x08002cc9   Thumb Code    74  stm32f4xx_ll_sdmmc.o(i.SDMMC_GetCmdResp2)
    i.SDMMC_GetCmdResp3                      0x08002d18   Section        0  stm32f4xx_ll_sdmmc.o(i.SDMMC_GetCmdResp3)
    SDMMC_GetCmdResp3                        0x08002d19   Thumb Code    60  stm32f4xx_ll_sdmmc.o(i.SDMMC_GetCmdResp3)
    i.SDMMC_GetCmdResp6                      0x08002d58   Section        0  stm32f4xx_ll_sdmmc.o(i.SDMMC_GetCmdResp6)
    SDMMC_GetCmdResp6                        0x08002d59   Thumb Code   128  stm32f4xx_ll_sdmmc.o(i.SDMMC_GetCmdResp6)
    i.SD_InitCard                            0x08002ddc   Section        0  stm32f4xx_hal_sd.o(i.SD_InitCard)
    SD_InitCard                              0x08002ddd   Thumb Code   230  stm32f4xx_hal_sd.o(i.SD_InitCard)
    i.SD_PowerON                             0x08002ec2   Section        0  stm32f4xx_hal_sd.o(i.SD_PowerON)
    SD_PowerON                               0x08002ec3   Thumb Code   162  stm32f4xx_hal_sd.o(i.SD_PowerON)
    i.SD_initialize                          0x08002f64   Section        0  sd_diskio.o(i.SD_initialize)
    i.SD_ioctl                               0x08002f84   Section        0  sd_diskio.o(i.SD_ioctl)
    i.SD_read                                0x08002fd4   Section        0  sd_diskio.o(i.SD_read)
    i.SD_status                              0x08003010   Section        0  sd_diskio.o(i.SD_status)
    i.SD_write                               0x08003030   Section        0  sd_diskio.o(i.SD_write)
    i.SVC_Handler                            0x0800306c   Section        0  stm32f4xx_it.o(i.SVC_Handler)
    i.SysTick_Handler                        0x0800306e   Section        0  stm32f4xx_it.o(i.SysTick_Handler)
    i.SystemClock_Config                     0x0800307c   Section        0  main.o(i.SystemClock_Config)
    i.SystemInit                             0x08003134   Section        0  system_stm32f4xx.o(i.SystemInit)
    i.TIM_Base_SetConfig                     0x08003188   Section        0  stm32f4xx_hal_tim.o(i.TIM_Base_SetConfig)
    i.TIM_ETR_SetConfig                      0x08003248   Section        0  stm32f4xx_hal_tim.o(i.TIM_ETR_SetConfig)
    TIM_ETR_SetConfig                        0x08003249   Thumb Code    20  stm32f4xx_hal_tim.o(i.TIM_ETR_SetConfig)
    i.TIM_ITRx_SetConfig                     0x0800325c   Section        0  stm32f4xx_hal_tim.o(i.TIM_ITRx_SetConfig)
    TIM_ITRx_SetConfig                       0x0800325d   Thumb Code    16  stm32f4xx_hal_tim.o(i.TIM_ITRx_SetConfig)
    i.TIM_OC1_SetConfig                      0x0800326c   Section        0  stm32f4xx_hal_tim.o(i.TIM_OC1_SetConfig)
    TIM_OC1_SetConfig                        0x0800326d   Thumb Code    80  stm32f4xx_hal_tim.o(i.TIM_OC1_SetConfig)
    i.TIM_OC2_SetConfig                      0x080032c4   Section        0  stm32f4xx_hal_tim.o(i.TIM_OC2_SetConfig)
    i.TIM_OC3_SetConfig                      0x08003328   Section        0  stm32f4xx_hal_tim.o(i.TIM_OC3_SetConfig)
    TIM_OC3_SetConfig                        0x08003329   Thumb Code    88  stm32f4xx_hal_tim.o(i.TIM_OC3_SetConfig)
    i.TIM_OC4_SetConfig                      0x08003388   Section        0  stm32f4xx_hal_tim.o(i.TIM_OC4_SetConfig)
    TIM_OC4_SetConfig                        0x08003389   Thumb Code    70  stm32f4xx_hal_tim.o(i.TIM_OC4_SetConfig)
    i.TIM_TI1_ConfigInputStage               0x080033d8   Section        0  stm32f4xx_hal_tim.o(i.TIM_TI1_ConfigInputStage)
    TIM_TI1_ConfigInputStage                 0x080033d9   Thumb Code    34  stm32f4xx_hal_tim.o(i.TIM_TI1_ConfigInputStage)
    i.TIM_TI2_ConfigInputStage               0x080033fa   Section        0  stm32f4xx_hal_tim.o(i.TIM_TI2_ConfigInputStage)
    TIM_TI2_ConfigInputStage                 0x080033fb   Thumb Code    36  stm32f4xx_hal_tim.o(i.TIM_TI2_ConfigInputStage)
    i.UsageFault_Handler                     0x0800341e   Section        0  stm32f4xx_it.o(i.UsageFault_Handler)
    i._Error_Handler                         0x08003420   Section        0  main.o(i._Error_Handler)
    i.__scatterload_copy                     0x08003422   Section       14  handlers.o(i.__scatterload_copy)
    i.__scatterload_null                     0x08003430   Section        2  handlers.o(i.__scatterload_null)
    i.__scatterload_zeroinit                 0x08003432   Section       14  handlers.o(i.__scatterload_zeroinit)
    i.check_fs                               0x08003440   Section        0  ff.o(i.check_fs)
    check_fs                                 0x08003441   Thumb Code    90  ff.o(i.check_fs)
    i.chk_lock                               0x080034a0   Section        0  ff.o(i.chk_lock)
    chk_lock                                 0x080034a1   Thumb Code   102  ff.o(i.chk_lock)
    i.clear_lock                             0x0800350c   Section        0  ff.o(i.clear_lock)
    clear_lock                               0x0800350d   Thumb Code    32  ff.o(i.clear_lock)
    i.clmt_clust                             0x08003530   Section        0  ff.o(i.clmt_clust)
    clmt_clust                               0x08003531   Thumb Code    42  ff.o(i.clmt_clust)
    i.clust2sect                             0x0800355a   Section        0  ff.o(i.clust2sect)
    i.create_chain                           0x08003578   Section        0  ff.o(i.create_chain)
    create_chain                             0x08003579   Thumb Code   176  ff.o(i.create_chain)
    i.create_name                            0x08003628   Section        0  ff.o(i.create_name)
    create_name                              0x08003629   Thumb Code   234  ff.o(i.create_name)
    i.dec_lock                               0x08003728   Section        0  ff.o(i.dec_lock)
    dec_lock                                 0x08003729   Thumb Code    54  ff.o(i.dec_lock)
    i.dir_next                               0x08003764   Section        0  ff.o(i.dir_next)
    dir_next                                 0x08003765   Thumb Code   286  ff.o(i.dir_next)
    i.dir_register                           0x08003882   Section        0  ff.o(i.dir_register)
    dir_register                             0x08003883   Thumb Code   118  ff.o(i.dir_register)
    i.dir_sdi                                0x080038f8   Section        0  ff.o(i.dir_sdi)
    dir_sdi                                  0x080038f9   Thumb Code   152  ff.o(i.dir_sdi)
    i.disk_initialize                        0x08003990   Section        0  diskio.o(i.disk_initialize)
    i.disk_ioctl                             0x080039b8   Section        0  diskio.o(i.disk_ioctl)
    i.disk_read                              0x080039d4   Section        0  diskio.o(i.disk_read)
    i.disk_status                            0x080039f0   Section        0  diskio.o(i.disk_status)
    i.disk_write                             0x08003a08   Section        0  diskio.o(i.disk_write)
    i.f_close                                0x08003a24   Section        0  ff.o(i.f_close)
    i.f_mount                                0x08003a50   Section        0  ff.o(i.f_mount)
    i.f_open                                 0x08003aac   Section        0  ff.o(i.f_open)
    i.f_read                                 0x08003c4c   Section        0  ff.o(i.f_read)
    i.f_sync                                 0x08003dd8   Section        0  ff.o(i.f_sync)
    i.find_volume                            0x08003e90   Section        0  ff.o(i.find_volume)
    find_volume                              0x08003e91   Thumb Code   588  ff.o(i.find_volume)
    i.follow_path                            0x080040e8   Section        0  ff.o(i.follow_path)
    follow_path                              0x080040e9   Thumb Code   192  ff.o(i.follow_path)
    i.get_fat                                0x080041a8   Section        0  ff.o(i.get_fat)
    i.get_fattime                            0x0800426a   Section        0  fatfs.o(i.get_fattime)
    i.get_ldnumber                           0x0800426e   Section        0  ff.o(i.get_ldnumber)
    get_ldnumber                             0x0800426f   Thumb Code    60  ff.o(i.get_ldnumber)
    i.inc_lock                               0x080042ac   Section        0  ff.o(i.inc_lock)
    inc_lock                                 0x080042ad   Thumb Code   154  ff.o(i.inc_lock)
    i.ld_clust                               0x0800434c   Section        0  ff.o(i.ld_clust)
    ld_clust                                 0x0800434d   Thumb Code    20  ff.o(i.ld_clust)
    i.main                                   0x08004360   Section        0  main.o(i.main)
    i.mem_cpy                                0x080045ec   Section        0  ff.o(i.mem_cpy)
    mem_cpy                                  0x080045ed   Thumb Code    18  ff.o(i.mem_cpy)
    i.mem_set                                0x080045fe   Section        0  ff.o(i.mem_set)
    mem_set                                  0x080045ff   Thumb Code    14  ff.o(i.mem_set)
    i.move_window                            0x0800460c   Section        0  ff.o(i.move_window)
    move_window                              0x0800460d   Thumb Code    54  ff.o(i.move_window)
    i.put_fat                                0x08004642   Section        0  ff.o(i.put_fat)
    i.remove_chain                           0x0800473a   Section        0  ff.o(i.remove_chain)
    remove_chain                             0x0800473b   Thumb Code   110  ff.o(i.remove_chain)
    i.st_clust                               0x080047a8   Section        0  ff.o(i.st_clust)
    st_clust                                 0x080047a9   Thumb Code    16  ff.o(i.st_clust)
    i.sync_fs                                0x080047b8   Section        0  ff.o(i.sync_fs)
    sync_fs                                  0x080047b9   Thumb Code   182  ff.o(i.sync_fs)
    i.sync_window                            0x0800486e   Section        0  ff.o(i.sync_window)
    sync_window                              0x0800486f   Thumb Code    96  ff.o(i.sync_window)
    i.validate                               0x080048ce   Section        0  ff.o(i.validate)
    validate                                 0x080048cf   Thumb Code    44  ff.o(i.validate)
    .constdata                               0x080048fc   Section       20  sd_diskio.o(.constdata)
    .constdata                               0x08004910   Section      172  ff.o(.constdata)
    ExCvt                                    0x08004910   Data         128  ff.o(.constdata)
    vst                                      0x08004990   Data          22  ff.o(.constdata)
    cst                                      0x080049a6   Data          22  ff.o(.constdata)
    .constdata                               0x080049bc   Section        8  stm32f4xx_hal_dma.o(.constdata)
    flagBitshiftOffset                       0x080049bc   Data           8  stm32f4xx_hal_dma.o(.constdata)
    .constdata                               0x080049c4   Section       16  system_stm32f4xx.o(.constdata)
    .data                                    0x20000000   Section        1  sd_diskio.o(.data)
    Stat                                     0x20000000   Data           1  sd_diskio.o(.data)
    .data                                    0x20000004   Section        8  ff.o(.data)
    Fsid                                     0x20000004   Data           2  ff.o(.data)
    FatFs                                    0x20000008   Data           4  ff.o(.data)
    .data                                    0x2000000c   Section       12  main.o(.data)
    .data                                    0x20000018   Section        5  fatfs.o(.data)
    .data                                    0x20000020   Section        4  stm32f4xx_hal.o(.data)
    .data                                    0x20000024   Section        4  system_stm32f4xx.o(.data)
    .bss                                     0x20000028   Section       24  ff.o(.bss)
    Files                                    0x20000028   Data          24  ff.o(.bss)
    .bss                                     0x20000040   Section       12  ff_gen_drv.o(.bss)
    .bss                                     0x2000004c   Section    97332  main.o(.bss)
    .bss                                     0x20017c80   Section      212  dac.o(.bss)
    .bss                                     0x20017d54   Section      180  tim.o(.bss)
    .bss                                     0x20017e08   Section      132  sdio.o(.bss)
    .bss                                     0x20017e8c   Section       72  adc.o(.bss)
    STACK                                    0x20017ed8   Section     1024  startup_stm32f469xx.o(STACK)

    Global Symbols

    Symbol Name                              Value     Ov Type        Size  Object(Section)

    BuildAttributes$$THM_ISAv4$E$P$D$K$B$S$7EM$VFPi3$EXTD16$VFPS$VFMA$PE$A:L22UL41UL21$X:L11$S22US41US21$IEEE1$IW$USESV6$~STKCKD$USESV7$~SHL$OSPACE$EBA8$MICROLIB$REQ8$PRES8$EABIv2 0x00000000   Number         0  anon$$obj.o ABSOLUTE
    __ARM_use_no_argv                        0x00000000   Number         0  main.o ABSOLUTE
    __cpp_initialize__aeabi_                  - Undefined Weak Reference
    __cxa_finalize                            - Undefined Weak Reference
    __decompress                              - Undefined Weak Reference
    _clock_init                               - Undefined Weak Reference
    _microlib_exit                            - Undefined Weak Reference
    __Vectors_Size                           0x000001b4   Number         0  startup_stm32f469xx.o ABSOLUTE
    __Vectors                                0x08000000   Data           4  startup_stm32f469xx.o(RESET)
    __Vectors_End                            0x080001b4   Data           0  startup_stm32f469xx.o(RESET)
    __main                                   0x080001b5   Thumb Code     0  entry.o(.ARM.Collect$$$$00000000)
    _main_stk                                0x080001b5   Thumb Code     0  entry2.o(.ARM.Collect$$$$00000001)
    _main_scatterload                        0x080001b9   Thumb Code     0  entry5.o(.ARM.Collect$$$$00000004)
    __main_after_scatterload                 0x080001bd   Thumb Code     0  entry5.o(.ARM.Collect$$$$00000004)
    _main_clock                              0x080001bd   Thumb Code     0  entry7b.o(.ARM.Collect$$$$00000008)
    _main_cpp_init                           0x080001bd   Thumb Code     0  entry8b.o(.ARM.Collect$$$$0000000A)
    _main_init                               0x080001bd   Thumb Code     0  entry9a.o(.ARM.Collect$$$$0000000B)
    __rt_final_cpp                           0x080001c5   Thumb Code     0  entry10a.o(.ARM.Collect$$$$0000000D)
    __rt_final_exit                          0x080001c5   Thumb Code     0  entry11a.o(.ARM.Collect$$$$0000000F)
    Reset_Handler                            0x080001c9   Thumb Code     8  startup_stm32f469xx.o(.text)
    ADC_IRQHandler                           0x080001e3   Thumb Code     0  startup_stm32f469xx.o(.text)
    CAN1_RX0_IRQHandler                      0x080001e3   Thumb Code     0  startup_stm32f469xx.o(.text)
    CAN1_RX1_IRQHandler                      0x080001e3   Thumb Code     0  startup_stm32f469xx.o(.text)
    CAN1_SCE_IRQHandler                      0x080001e3   Thumb Code     0  startup_stm32f469xx.o(.text)
    CAN1_TX_IRQHandler                       0x080001e3   Thumb Code     0  startup_stm32f469xx.o(.text)
    CAN2_RX0_IRQHandler                      0x080001e3   Thumb Code     0  startup_stm32f469xx.o(.text)
    CAN2_RX1_IRQHandler                      0x080001e3   Thumb Code     0  startup_stm32f469xx.o(.text)
    CAN2_SCE_IRQHandler                      0x080001e3   Thumb Code     0  startup_stm32f469xx.o(.text)
    CAN2_TX_IRQHandler                       0x080001e3   Thumb Code     0  startup_stm32f469xx.o(.text)
    DCMI_IRQHandler                          0x080001e3   Thumb Code     0  startup_stm32f469xx.o(.text)
    DMA1_Stream0_IRQHandler                  0x080001e3   Thumb Code     0  startup_stm32f469xx.o(.text)
    DMA1_Stream1_IRQHandler                  0x080001e3   Thumb Code     0  startup_stm32f469xx.o(.text)
    DMA1_Stream2_IRQHandler                  0x080001e3   Thumb Code     0  startup_stm32f469xx.o(.text)
    DMA1_Stream3_IRQHandler                  0x080001e3   Thumb Code     0  startup_stm32f469xx.o(.text)
    DMA1_Stream4_IRQHandler                  0x080001e3   Thumb Code     0  startup_stm32f469xx.o(.text)
    DMA1_Stream7_IRQHandler                  0x080001e3   Thumb Code     0  startup_stm32f469xx.o(.text)
    DMA2D_IRQHandler                         0x080001e3   Thumb Code     0  startup_stm32f469xx.o(.text)
    DMA2_Stream0_IRQHandler                  0x080001e3   Thumb Code     0  startup_stm32f469xx.o(.text)
    DMA2_Stream1_IRQHandler                  0x080001e3   Thumb Code     0  startup_stm32f469xx.o(.text)
    DMA2_Stream2_IRQHandler                  0x080001e3   Thumb Code     0  startup_stm32f469xx.o(.text)
    DMA2_Stream3_IRQHandler                  0x080001e3   Thumb Code     0  startup_stm32f469xx.o(.text)
    DMA2_Stream4_IRQHandler                  0x080001e3   Thumb Code     0  startup_stm32f469xx.o(.text)
    DMA2_Stream5_IRQHandler                  0x080001e3   Thumb Code     0  startup_stm32f469xx.o(.text)
    DMA2_Stream6_IRQHandler                  0x080001e3   Thumb Code     0  startup_stm32f469xx.o(.text)
    DMA2_Stream7_IRQHandler                  0x080001e3   Thumb Code     0  startup_stm32f469xx.o(.text)
    DSI_IRQHandler                           0x080001e3   Thumb Code     0  startup_stm32f469xx.o(.text)
    ETH_IRQHandler                           0x080001e3   Thumb Code     0  startup_stm32f469xx.o(.text)
    ETH_WKUP_IRQHandler                      0x080001e3   Thumb Code     0  startup_stm32f469xx.o(.text)
    EXTI0_IRQHandler                         0x080001e3   Thumb Code     0  startup_stm32f469xx.o(.text)
    EXTI15_10_IRQHandler                     0x080001e3   Thumb Code     0  startup_stm32f469xx.o(.text)
    EXTI1_IRQHandler                         0x080001e3   Thumb Code     0  startup_stm32f469xx.o(.text)
    EXTI2_IRQHandler                         0x080001e3   Thumb Code     0  startup_stm32f469xx.o(.text)
    EXTI3_IRQHandler                         0x080001e3   Thumb Code     0  startup_stm32f469xx.o(.text)
    EXTI4_IRQHandler                         0x080001e3   Thumb Code     0  startup_stm32f469xx.o(.text)
    EXTI9_5_IRQHandler                       0x080001e3   Thumb Code     0  startup_stm32f469xx.o(.text)
    FLASH_IRQHandler                         0x080001e3   Thumb Code     0  startup_stm32f469xx.o(.text)
    FMC_IRQHandler                           0x080001e3   Thumb Code     0  startup_stm32f469xx.o(.text)
    FPU_IRQHandler                           0x080001e3   Thumb Code     0  startup_stm32f469xx.o(.text)
    HASH_RNG_IRQHandler                      0x080001e3   Thumb Code     0  startup_stm32f469xx.o(.text)
    I2C1_ER_IRQHandler                       0x080001e3   Thumb Code     0  startup_stm32f469xx.o(.text)
    I2C1_EV_IRQHandler                       0x080001e3   Thumb Code     0  startup_stm32f469xx.o(.text)
    I2C2_ER_IRQHandler                       0x080001e3   Thumb Code     0  startup_stm32f469xx.o(.text)
    I2C2_EV_IRQHandler                       0x080001e3   Thumb Code     0  startup_stm32f469xx.o(.text)
    I2C3_ER_IRQHandler                       0x080001e3   Thumb Code     0  startup_stm32f469xx.o(.text)
    I2C3_EV_IRQHandler                       0x080001e3   Thumb Code     0  startup_stm32f469xx.o(.text)
    LTDC_ER_IRQHandler                       0x080001e3   Thumb Code     0  startup_stm32f469xx.o(.text)
    LTDC_IRQHandler                          0x080001e3   Thumb Code     0  startup_stm32f469xx.o(.text)
    OTG_FS_IRQHandler                        0x080001e3   Thumb Code     0  startup_stm32f469xx.o(.text)
    OTG_FS_WKUP_IRQHandler                   0x080001e3   Thumb Code     0  startup_stm32f469xx.o(.text)
    OTG_HS_EP1_IN_IRQHandler                 0x080001e3   Thumb Code     0  startup_stm32f469xx.o(.text)
    OTG_HS_EP1_OUT_IRQHandler                0x080001e3   Thumb Code     0  startup_stm32f469xx.o(.text)
    OTG_HS_IRQHandler                        0x080001e3   Thumb Code     0  startup_stm32f469xx.o(.text)
    OTG_HS_WKUP_IRQHandler                   0x080001e3   Thumb Code     0  startup_stm32f469xx.o(.text)
    PVD_IRQHandler                           0x080001e3   Thumb Code     0  startup_stm32f469xx.o(.text)
    QUADSPI_IRQHandler                       0x080001e3   Thumb Code     0  startup_stm32f469xx.o(.text)
    RCC_IRQHandler                           0x080001e3   Thumb Code     0  startup_stm32f469xx.o(.text)
    RTC_Alarm_IRQHandler                     0x080001e3   Thumb Code     0  startup_stm32f469xx.o(.text)
    RTC_WKUP_IRQHandler                      0x080001e3   Thumb Code     0  startup_stm32f469xx.o(.text)
    SAI1_IRQHandler                          0x080001e3   Thumb Code     0  startup_stm32f469xx.o(.text)
    SDIO_IRQHandler                          0x080001e3   Thumb Code     0  startup_stm32f469xx.o(.text)
    SPI1_IRQHandler                          0x080001e3   Thumb Code     0  startup_stm32f469xx.o(.text)
    SPI2_IRQHandler                          0x080001e3   Thumb Code     0  startup_stm32f469xx.o(.text)
    SPI3_IRQHandler                          0x080001e3   Thumb Code     0  startup_stm32f469xx.o(.text)
    SPI4_IRQHandler                          0x080001e3   Thumb Code     0  startup_stm32f469xx.o(.text)
    SPI5_IRQHandler                          0x080001e3   Thumb Code     0  startup_stm32f469xx.o(.text)
    SPI6_IRQHandler                          0x080001e3   Thumb Code     0  startup_stm32f469xx.o(.text)
    TAMP_STAMP_IRQHandler                    0x080001e3   Thumb Code     0  startup_stm32f469xx.o(.text)
    TIM1_BRK_TIM9_IRQHandler                 0x080001e3   Thumb Code     0  startup_stm32f469xx.o(.text)
    TIM1_CC_IRQHandler                       0x080001e3   Thumb Code     0  startup_stm32f469xx.o(.text)
    TIM1_TRG_COM_TIM11_IRQHandler            0x080001e3   Thumb Code     0  startup_stm32f469xx.o(.text)
    TIM1_UP_TIM10_IRQHandler                 0x080001e3   Thumb Code     0  startup_stm32f469xx.o(.text)
    TIM2_IRQHandler                          0x080001e3   Thumb Code     0  startup_stm32f469xx.o(.text)
    TIM3_IRQHandler                          0x080001e3   Thumb Code     0  startup_stm32f469xx.o(.text)
    TIM4_IRQHandler                          0x080001e3   Thumb Code     0  startup_stm32f469xx.o(.text)
    TIM5_IRQHandler                          0x080001e3   Thumb Code     0  startup_stm32f469xx.o(.text)
    TIM6_DAC_IRQHandler                      0x080001e3   Thumb Code     0  startup_stm32f469xx.o(.text)
    TIM7_IRQHandler                          0x080001e3   Thumb Code     0  startup_stm32f469xx.o(.text)
    TIM8_BRK_TIM12_IRQHandler                0x080001e3   Thumb Code     0  startup_stm32f469xx.o(.text)
    TIM8_CC_IRQHandler                       0x080001e3   Thumb Code     0  startup_stm32f469xx.o(.text)
    TIM8_TRG_COM_TIM14_IRQHandler            0x080001e3   Thumb Code     0  startup_stm32f469xx.o(.text)
    TIM8_UP_TIM13_IRQHandler                 0x080001e3   Thumb Code     0  startup_stm32f469xx.o(.text)
    UART4_IRQHandler                         0x080001e3   Thumb Code     0  startup_stm32f469xx.o(.text)
    UART5_IRQHandler                         0x080001e3   Thumb Code     0  startup_stm32f469xx.o(.text)
    UART7_IRQHandler                         0x080001e3   Thumb Code     0  startup_stm32f469xx.o(.text)
    UART8_IRQHandler                         0x080001e3   Thumb Code     0  startup_stm32f469xx.o(.text)
    USART1_IRQHandler                        0x080001e3   Thumb Code     0  startup_stm32f469xx.o(.text)
    USART2_IRQHandler                        0x080001e3   Thumb Code     0  startup_stm32f469xx.o(.text)
    USART3_IRQHandler                        0x080001e3   Thumb Code     0  startup_stm32f469xx.o(.text)
    USART6_IRQHandler                        0x080001e3   Thumb Code     0  startup_stm32f469xx.o(.text)
    WWDG_IRQHandler                          0x080001e3   Thumb Code     0  startup_stm32f469xx.o(.text)
    __scatterload                            0x080001ed   Thumb Code    28  init.o(.text)
    __scatterload_rt2                        0x080001ed   Thumb Code     0  init.o(.text)
    BSP_SD_GetCardInfo                       0x0800033d   Thumb Code     8  bsp_driver_sd.o(i.BSP_SD_GetCardInfo)
    BSP_SD_GetCardState                      0x08000349   Thumb Code    20  bsp_driver_sd.o(i.BSP_SD_GetCardState)
    BSP_SD_Init                              0x08000361   Thumb Code    30  bsp_driver_sd.o(i.BSP_SD_Init)
    BSP_SD_ReadBlocks                        0x08000385   Thumb Code    26  bsp_driver_sd.o(i.BSP_SD_ReadBlocks)
    BSP_SD_WriteBlocks                       0x080003a5   Thumb Code    26  bsp_driver_sd.o(i.BSP_SD_WriteBlocks)
    BusFault_Handler                         0x080003c5   Thumb Code     2  stm32f4xx_it.o(i.BusFault_Handler)
    DAC_DMAConvCpltCh2                       0x080003d7   Thumb Code    16  stm32f4xx_hal_dac_ex.o(i.DAC_DMAConvCpltCh2)
    DAC_DMAErrorCh2                          0x080003ff   Thumb Code    24  stm32f4xx_hal_dac_ex.o(i.DAC_DMAErrorCh2)
    DAC_DMAHalfConvCpltCh2                   0x08000421   Thumb Code    10  stm32f4xx_hal_dac_ex.o(i.DAC_DMAHalfConvCpltCh2)
    DMA1_Stream5_IRQHandler                  0x0800042d   Thumb Code     6  stm32f4xx_it.o(i.DMA1_Stream5_IRQHandler)
    DMA1_Stream6_IRQHandler                  0x08000439   Thumb Code     6  stm32f4xx_it.o(i.DMA1_Stream6_IRQHandler)
    DebugMon_Handler                         0x080004e9   Thumb Code     2  stm32f4xx_it.o(i.DebugMon_Handler)
    FATFS_LinkDriver                         0x080004eb   Thumb Code     6  ff_gen_drv.o(i.FATFS_LinkDriver)
    FATFS_LinkDriverEx                       0x080004f1   Thumb Code    60  ff_gen_drv.o(i.FATFS_LinkDriverEx)
    HAL_ADC_ConfigChannel                    0x08000531   Thumb Code   318  stm32f4xx_hal_adc.o(i.HAL_ADC_ConfigChannel)
    HAL_ADC_GetValue                         0x08000685   Thumb Code     6  stm32f4xx_hal_adc.o(i.HAL_ADC_GetValue)
    HAL_ADC_Init                             0x0800068b   Thumb Code    84  stm32f4xx_hal_adc.o(i.HAL_ADC_Init)
    HAL_ADC_MspInit                          0x080006e1   Thumb Code    54  adc.o(i.HAL_ADC_MspInit)
    HAL_ADC_PollForConversion                0x08000725   Thumb Code   162  stm32f4xx_hal_adc.o(i.HAL_ADC_PollForConversion)
    HAL_ADC_Start                            0x080007c9   Thumb Code   170  stm32f4xx_hal_adc.o(i.HAL_ADC_Start)
    HAL_DACEx_ConvCpltCallbackCh2            0x08000885   Thumb Code     2  stm32f4xx_hal_dac_ex.o(i.HAL_DACEx_ConvCpltCallbackCh2)
    HAL_DACEx_ConvHalfCpltCallbackCh2        0x08000887   Thumb Code     2  stm32f4xx_hal_dac_ex.o(i.HAL_DACEx_ConvHalfCpltCallbackCh2)
    HAL_DACEx_ErrorCallbackCh2               0x08000889   Thumb Code     2  stm32f4xx_hal_dac_ex.o(i.HAL_DACEx_ErrorCallbackCh2)
    HAL_DAC_ConfigChannel                    0x0800088b   Thumb Code    66  stm32f4xx_hal_dac.o(i.HAL_DAC_ConfigChannel)
    HAL_DAC_ConvCpltCallbackCh1              0x080008cd   Thumb Code     2  stm32f4xx_hal_dac.o(i.HAL_DAC_ConvCpltCallbackCh1)
    HAL_DAC_ConvHalfCpltCallbackCh1          0x080008cf   Thumb Code     2  stm32f4xx_hal_dac.o(i.HAL_DAC_ConvHalfCpltCallbackCh1)
    HAL_DAC_ErrorCallbackCh1                 0x080008d1   Thumb Code     2  stm32f4xx_hal_dac.o(i.HAL_DAC_ErrorCallbackCh1)
    HAL_DAC_Init                             0x080008d3   Thumb Code    40  stm32f4xx_hal_dac.o(i.HAL_DAC_Init)
    HAL_DAC_MspInit                          0x080008fd   Thumb Code   184  dac.o(i.HAL_DAC_MspInit)
    HAL_DAC_Start_DMA                        0x080009d9   Thumb Code   230  stm32f4xx_hal_dac.o(i.HAL_DAC_Start_DMA)
    HAL_DMA_IRQHandler                       0x08000ad9   Thumb Code   414  stm32f4xx_hal_dma.o(i.HAL_DMA_IRQHandler)
    HAL_DMA_Init                             0x08000c81   Thumb Code   206  stm32f4xx_hal_dma.o(i.HAL_DMA_Init)
    HAL_DMA_Start_IT                         0x08000d55   Thumb Code   120  stm32f4xx_hal_dma.o(i.HAL_DMA_Start_IT)
    HAL_Delay                                0x08000dcd   Thumb Code    28  stm32f4xx_hal.o(i.HAL_Delay)
    HAL_GPIO_Init                            0x08000de9   Thumb Code   408  stm32f4xx_hal_gpio.o(i.HAL_GPIO_Init)
    HAL_GPIO_TogglePin                       0x08000fb5   Thumb Code     8  stm32f4xx_hal_gpio.o(i.HAL_GPIO_TogglePin)
    HAL_GPIO_WritePin                        0x08000fbd   Thumb Code    10  stm32f4xx_hal_gpio.o(i.HAL_GPIO_WritePin)
    HAL_GetTick                              0x08000fc9   Thumb Code     6  stm32f4xx_hal.o(i.HAL_GetTick)
    HAL_IncTick                              0x08000fd5   Thumb Code    10  stm32f4xx_hal.o(i.HAL_IncTick)
    HAL_Init                                 0x08000fe5   Thumb Code    48  stm32f4xx_hal.o(i.HAL_Init)
    HAL_InitTick                             0x08001019   Thumb Code    34  stm32f4xx_hal.o(i.HAL_InitTick)
    HAL_MspInit                              0x08001041   Thumb Code    88  stm32f4xx_hal_msp.o(i.HAL_MspInit)
    HAL_NVIC_EnableIRQ                       0x08001099   Thumb Code    22  stm32f4xx_hal_cortex.o(i.HAL_NVIC_EnableIRQ)
    HAL_NVIC_SetPriority                     0x080010b1   Thumb Code    60  stm32f4xx_hal_cortex.o(i.HAL_NVIC_SetPriority)
    HAL_NVIC_SetPriorityGrouping             0x080010f1   Thumb Code    26  stm32f4xx_hal_cortex.o(i.HAL_NVIC_SetPriorityGrouping)
    HAL_RCCEx_PeriphCLKConfig                0x08001115   Thumb Code   952  stm32f4xx_hal_rcc_ex.o(i.HAL_RCCEx_PeriphCLKConfig)
    HAL_RCC_ClockConfig                      0x080014f1   Thumb Code   364  stm32f4xx_hal_rcc.o(i.HAL_RCC_ClockConfig)
    HAL_RCC_GetHCLKFreq                      0x0800166d   Thumb Code     6  stm32f4xx_hal_rcc.o(i.HAL_RCC_GetHCLKFreq)
    HAL_RCC_GetSysClockFreq                  0x08001679   Thumb Code   104  stm32f4xx_hal_rcc.o(i.HAL_RCC_GetSysClockFreq)
    HAL_RCC_OscConfig                        0x080016ed   Thumb Code   790  stm32f4xx_hal_rcc_ex.o(i.HAL_RCC_OscConfig)
    HAL_SD_GetCardCSD                        0x08001a15   Thumb Code   474  stm32f4xx_hal_sd.o(i.HAL_SD_GetCardCSD)
    HAL_SD_GetCardInfo                       0x08001bef   Thumb Code    36  stm32f4xx_hal_sd.o(i.HAL_SD_GetCardInfo)
    HAL_SD_GetCardState                      0x08001c13   Thumb Code    44  stm32f4xx_hal_sd.o(i.HAL_SD_GetCardState)
    HAL_SD_Init                              0x08001c3f   Thumb Code    54  stm32f4xx_hal_sd.o(i.HAL_SD_Init)
    HAL_SD_InitCard                          0x08001c75   Thumb Code    80  stm32f4xx_hal_sd.o(i.HAL_SD_InitCard)
    HAL_SD_MspInit                           0x08001cc9   Thumb Code    84  sdio.o(i.HAL_SD_MspInit)
    HAL_SD_ReadBlocks                        0x08001d2d   Thumb Code   430  stm32f4xx_hal_sd.o(i.HAL_SD_ReadBlocks)
    HAL_SD_WriteBlocks                       0x08001edd   Thumb Code   406  stm32f4xx_hal_sd.o(i.HAL_SD_WriteBlocks)
    HAL_SYSTICK_CLKSourceConfig              0x08002073   Thumb Code    24  stm32f4xx_hal_cortex.o(i.HAL_SYSTICK_CLKSourceConfig)
    HAL_SYSTICK_Callback                     0x0800208b   Thumb Code     2  stm32f4xx_hal_cortex.o(i.HAL_SYSTICK_Callback)
    HAL_SYSTICK_Config                       0x0800208d   Thumb Code    40  stm32f4xx_hal_cortex.o(i.HAL_SYSTICK_Config)
    HAL_SYSTICK_IRQHandler                   0x080020b5   Thumb Code     8  stm32f4xx_hal_cortex.o(i.HAL_SYSTICK_IRQHandler)
    HAL_TIMEx_MasterConfigSynchronization    0x080020bd   Thumb Code    80  stm32f4xx_hal_tim_ex.o(i.HAL_TIMEx_MasterConfigSynchronization)
    HAL_TIM_Base_Init                        0x0800210d   Thumb Code    54  stm32f4xx_hal_tim.o(i.HAL_TIM_Base_Init)
    HAL_TIM_Base_MspInit                     0x08002145   Thumb Code    74  tim.o(i.HAL_TIM_Base_MspInit)
    HAL_TIM_Base_Start                       0x0800219d   Thumb Code    26  stm32f4xx_hal_tim.o(i.HAL_TIM_Base_Start)
    HAL_TIM_ConfigClockSource                0x080021b7   Thumb Code   242  stm32f4xx_hal_tim.o(i.HAL_TIM_ConfigClockSource)
    HAL_TIM_MspPostInit                      0x080022a9   Thumb Code    58  tim.o(i.HAL_TIM_MspPostInit)
    HAL_TIM_PWM_ConfigChannel                0x080022ed   Thumb Code   208  stm32f4xx_hal_tim.o(i.HAL_TIM_PWM_ConfigChannel)
    HAL_TIM_PWM_Init                         0x080023bd   Thumb Code    54  stm32f4xx_hal_tim.o(i.HAL_TIM_PWM_Init)
    HAL_TIM_PWM_MspInit                      0x080023f3   Thumb Code     2  stm32f4xx_hal_tim.o(i.HAL_TIM_PWM_MspInit)
    HardFault_Handler                        0x080023f5   Thumb Code     2  stm32f4xx_it.o(i.HardFault_Handler)
    MX_ADC1_Init                             0x080023f9   Thumb Code    80  adc.o(i.MX_ADC1_Init)
    MX_DAC_Init                              0x08002465   Thumb Code    76  dac.o(i.MX_DAC_Init)
    MX_DMA_Init                              0x080024c9   Thumb Code    56  dma.o(i.MX_DMA_Init)
    MX_FATFS_Init                            0x08002505   Thumb Code    18  fatfs.o(i.MX_FATFS_Init)
    MX_GPIO_Init                             0x08002521   Thumb Code   140  gpio.o(i.MX_GPIO_Init)
    MX_SDIO_SD_Init                          0x080025b9   Thumb Code    22  sdio.o(i.MX_SDIO_SD_Init)
    MX_TIM2_Init                             0x080025d9   Thumb Code   148  tim.o(i.MX_TIM2_Init)
    MX_TIM4_Init                             0x08002681   Thumb Code    92  tim.o(i.MX_TIM4_Init)
    MX_TIM5_Init                             0x080026f5   Thumb Code   146  tim.o(i.MX_TIM5_Init)
    MemManage_Handler                        0x080027a1   Thumb Code     2  stm32f4xx_it.o(i.MemManage_Handler)
    NMI_Handler                              0x080027a3   Thumb Code     2  stm32f4xx_it.o(i.NMI_Handler)
    PendSV_Handler                           0x080027db   Thumb Code     2  stm32f4xx_it.o(i.PendSV_Handler)
    SDIO_ConfigData                          0x080027dd   Thumb Code    36  stm32f4xx_ll_sdmmc.o(i.SDIO_ConfigData)
    SDIO_GetPowerState                       0x08002801   Thumb Code     8  stm32f4xx_ll_sdmmc.o(i.SDIO_GetPowerState)
    SDIO_GetResponse                         0x08002809   Thumb Code    12  stm32f4xx_ll_sdmmc.o(i.SDIO_GetResponse)
    SDIO_Init                                0x08002815   Thumb Code    36  stm32f4xx_ll_sdmmc.o(i.SDIO_Init)
    SDIO_PowerState_ON                       0x08002839   Thumb Code     8  stm32f4xx_ll_sdmmc.o(i.SDIO_PowerState_ON)
    SDIO_ReadFIFO                            0x08002841   Thumb Code     6  stm32f4xx_ll_sdmmc.o(i.SDIO_ReadFIFO)
    SDIO_SendCommand                         0x08002847   Thumb Code    32  stm32f4xx_ll_sdmmc.o(i.SDIO_SendCommand)
    SDIO_WriteFIFO                           0x08002867   Thumb Code    10  stm32f4xx_ll_sdmmc.o(i.SDIO_WriteFIFO)
    SDMMC_CmdAppCommand                      0x08002871   Thumb Code    50  stm32f4xx_ll_sdmmc.o(i.SDMMC_CmdAppCommand)
    SDMMC_CmdAppOperCommand                  0x080028a5   Thumb Code    48  stm32f4xx_ll_sdmmc.o(i.SDMMC_CmdAppOperCommand)
    SDMMC_CmdBlockLength                     0x080028d9   Thumb Code    50  stm32f4xx_ll_sdmmc.o(i.SDMMC_CmdBlockLength)
    SDMMC_CmdGoIdleState                     0x0800290d   Thumb Code    76  stm32f4xx_ll_sdmmc.o(i.SDMMC_CmdGoIdleState)
    SDMMC_CmdOperCond                        0x0800295d   Thumb Code    98  stm32f4xx_ll_sdmmc.o(i.SDMMC_CmdOperCond)
    SDMMC_CmdReadMultiBlock                  0x080029c5   Thumb Code    50  stm32f4xx_ll_sdmmc.o(i.SDMMC_CmdReadMultiBlock)
    SDMMC_CmdReadSingleBlock                 0x080029f7   Thumb Code    50  stm32f4xx_ll_sdmmc.o(i.SDMMC_CmdReadSingleBlock)
    SDMMC_CmdSelDesel                        0x08002a29   Thumb Code    50  stm32f4xx_ll_sdmmc.o(i.SDMMC_CmdSelDesel)
    SDMMC_CmdSendCID                         0x08002a5b   Thumb Code    44  stm32f4xx_ll_sdmmc.o(i.SDMMC_CmdSendCID)
    SDMMC_CmdSendCSD                         0x08002a87   Thumb Code    44  stm32f4xx_ll_sdmmc.o(i.SDMMC_CmdSendCSD)
    SDMMC_CmdSendStatus                      0x08002ab3   Thumb Code    50  stm32f4xx_ll_sdmmc.o(i.SDMMC_CmdSendStatus)
    SDMMC_CmdSetRelAdd                       0x08002ae5   Thumb Code    48  stm32f4xx_ll_sdmmc.o(i.SDMMC_CmdSetRelAdd)
    SDMMC_CmdStopTransfer                    0x08002b15   Thumb Code    46  stm32f4xx_ll_sdmmc.o(i.SDMMC_CmdStopTransfer)
    SDMMC_CmdWriteMultiBlock                 0x08002b49   Thumb Code    50  stm32f4xx_ll_sdmmc.o(i.SDMMC_CmdWriteMultiBlock)
    SDMMC_CmdWriteSingleBlock                0x08002b7b   Thumb Code    50  stm32f4xx_ll_sdmmc.o(i.SDMMC_CmdWriteSingleBlock)
    SD_initialize                            0x08002f65   Thumb Code    26  sd_diskio.o(i.SD_initialize)
    SD_ioctl                                 0x08002f85   Thumb Code    74  sd_diskio.o(i.SD_ioctl)
    SD_read                                  0x08002fd5   Thumb Code    52  sd_diskio.o(i.SD_read)
    SD_status                                0x08003011   Thumb Code    26  sd_diskio.o(i.SD_status)
    SD_write                                 0x08003031   Thumb Code    52  sd_diskio.o(i.SD_write)
    SVC_Handler                              0x0800306d   Thumb Code     2  stm32f4xx_it.o(i.SVC_Handler)
    SysTick_Handler                          0x0800306f   Thumb Code    14  stm32f4xx_it.o(i.SysTick_Handler)
    SystemClock_Config                       0x0800307d   Thumb Code   176  main.o(i.SystemClock_Config)
    SystemInit                               0x08003135   Thumb Code    66  system_stm32f4xx.o(i.SystemInit)
    TIM_Base_SetConfig                       0x08003189   Thumb Code   148  stm32f4xx_hal_tim.o(i.TIM_Base_SetConfig)
    TIM_OC2_SetConfig                        0x080032c5   Thumb Code    90  stm32f4xx_hal_tim.o(i.TIM_OC2_SetConfig)
    UsageFault_Handler                       0x0800341f   Thumb Code     2  stm32f4xx_it.o(i.UsageFault_Handler)
    _Error_Handler                           0x08003421   Thumb Code     2  main.o(i._Error_Handler)
    __scatterload_copy                       0x08003423   Thumb Code    14  handlers.o(i.__scatterload_copy)
    __scatterload_null                       0x08003431   Thumb Code     2  handlers.o(i.__scatterload_null)
    __scatterload_zeroinit                   0x08003433   Thumb Code    14  handlers.o(i.__scatterload_zeroinit)
    clust2sect                               0x0800355b   Thumb Code    30  ff.o(i.clust2sect)
    disk_initialize                          0x08003991   Thumb Code    36  diskio.o(i.disk_initialize)
    disk_ioctl                               0x080039b9   Thumb Code    24  diskio.o(i.disk_ioctl)
    disk_read                                0x080039d5   Thumb Code    24  diskio.o(i.disk_read)
    disk_status                              0x080039f1   Thumb Code    18  diskio.o(i.disk_status)
    disk_write                               0x08003a09   Thumb Code    24  diskio.o(i.disk_write)
    f_close                                  0x08003a25   Thumb Code    42  ff.o(i.f_close)
    f_mount                                  0x08003a51   Thumb Code    88  ff.o(i.f_mount)
    f_open                                   0x08003aad   Thumb Code   412  ff.o(i.f_open)
    f_read                                   0x08003c4d   Thumb Code   396  ff.o(i.f_read)
    f_sync                                   0x08003dd9   Thumb Code   184  ff.o(i.f_sync)
    get_fat                                  0x080041a9   Thumb Code   194  ff.o(i.get_fat)
    get_fattime                              0x0800426b   Thumb Code     4  fatfs.o(i.get_fattime)
    main                                     0x08004361   Thumb Code   578  main.o(i.main)
    put_fat                                  0x08004643   Thumb Code   248  ff.o(i.put_fat)
    SD_Driver                                0x080048fc   Data          20  sd_diskio.o(.constdata)
    AHBPrescTable                            0x080049c4   Data          16  system_stm32f4xx.o(.constdata)
    Region$$Table$$Base                      0x080049d4   Number         0  anon$$obj.o(Region$$Table)
    Region$$Table$$Limit                     0x080049f4   Number         0  anon$$obj.o(Region$$Table)
    offset                                   0x2000000c   Data           4  main.o(.data)
    testByte1                                0x20000010   Data           4  main.o(.data)
    testByte2                                0x20000014   Data           4  main.o(.data)
    retSD                                    0x20000018   Data           1  fatfs.o(.data)
    SD_Path                                  0x20000019   Data           4  fatfs.o(.data)
    uwTick                                   0x20000020   Data           4  stm32f4xx_hal.o(.data)
    SystemCoreClock                          0x20000024   Data           4  system_stm32f4xx.o(.data)
    disk                                     0x20000040   Data          12  ff_gen_drv.o(.bss)
    formattedSignal_Ch1                      0x2000004c   Data       54756  main.o(.bss)
    Tx_Signal_Ch1                            0x2000d630   Data       36504  main.o(.bss)
    Tx_Signal_Ch2                            0x200164c8   Data         400  main.o(.bss)
    ADC_Buffer                               0x20016658   Data        4000  main.o(.bss)
    fatfs1                                   0x200175f8   Data         560  main.o(.bss)
    file1                                    0x20017828   Data         556  main.o(.bss)
    file2                                    0x20017a54   Data         556  main.o(.bss)
    hdac                                     0x20017c80   Data          20  dac.o(.bss)
    hdma_dac1                                0x20017c94   Data          96  dac.o(.bss)
    hdma_dac2                                0x20017cf4   Data          96  dac.o(.bss)
    htim2                                    0x20017d54   Data          60  tim.o(.bss)
    htim4                                    0x20017d90   Data          60  tim.o(.bss)
    htim5                                    0x20017dcc   Data          60  tim.o(.bss)
    hsd                                      0x20017e08   Data         132  sdio.o(.bss)
    hadc1                                    0x20017e8c   Data          72  adc.o(.bss)
    __initial_sp                             0x200182d8   Data           0  startup_stm32f469xx.o(STACK)



==============================================================================

Memory Map of the image

  Image Entry point : 0x080001b5

  Load Region LR_IROM1 (Base: 0x08000000, Size: 0x00004a1c, Max: 0x00200000, ABSOLUTE)

    Execution Region ER_IROM1 (Exec base: 0x08000000, Load base: 0x08000000, Size: 0x000049f4, Max: 0x00200000, ABSOLUTE)

    Exec Addr    Load Addr    Size         Type   Attr      Idx    E Section Name        Object

    0x08000000   0x08000000   0x000001b4   Data   RO            3    RESET               startup_stm32f469xx.o
    0x080001b4   0x080001b4   0x00000000   Code   RO         4254  * .ARM.Collect$$$$00000000  mc_w.l(entry.o)
    0x080001b4   0x080001b4   0x00000004   Code   RO         4257    .ARM.Collect$$$$00000001  mc_w.l(entry2.o)
    0x080001b8   0x080001b8   0x00000004   Code   RO         4260    .ARM.Collect$$$$00000004  mc_w.l(entry5.o)
    0x080001bc   0x080001bc   0x00000000   Code   RO         4262    .ARM.Collect$$$$00000008  mc_w.l(entry7b.o)
    0x080001bc   0x080001bc   0x00000000   Code   RO         4264    .ARM.Collect$$$$0000000A  mc_w.l(entry8b.o)
    0x080001bc   0x080001bc   0x00000008   Code   RO         4265    .ARM.Collect$$$$0000000B  mc_w.l(entry9a.o)
    0x080001c4   0x080001c4   0x00000000   Code   RO         4267    .ARM.Collect$$$$0000000D  mc_w.l(entry10a.o)
    0x080001c4   0x080001c4   0x00000000   Code   RO         4269    .ARM.Collect$$$$0000000F  mc_w.l(entry11a.o)
    0x080001c4   0x080001c4   0x00000004   Code   RO         4258    .ARM.Collect$$$$00002712  mc_w.l(entry2.o)
    0x080001c8   0x080001c8   0x00000024   Code   RO            4    .text               startup_stm32f469xx.o
    0x080001ec   0x080001ec   0x00000024   Code   RO         4271    .text               mc_w.l(init.o)
    0x08000210   0x08000210   0x0000012c   Code   RO         4052    i.ADC_Init          stm32f4xx_hal_adc.o
    0x0800033c   0x0800033c   0x0000000c   Code   RO         1030    i.BSP_SD_GetCardInfo  bsp_driver_sd.o
    0x08000348   0x08000348   0x00000018   Code   RO         1031    i.BSP_SD_GetCardState  bsp_driver_sd.o
    0x08000360   0x08000360   0x00000024   Code   RO         1034    i.BSP_SD_Init       bsp_driver_sd.o
    0x08000384   0x08000384   0x00000020   Code   RO         1036    i.BSP_SD_ReadBlocks  bsp_driver_sd.o
    0x080003a4   0x080003a4   0x00000020   Code   RO         1038    i.BSP_SD_WriteBlocks  bsp_driver_sd.o
    0x080003c4   0x080003c4   0x00000002   Code   RO          745    i.BusFault_Handler  stm32f4xx_it.o
    0x080003c6   0x080003c6   0x00000010   Code   RO         3290    i.DAC_DMAConvCpltCh1  stm32f4xx_hal_dac.o
    0x080003d6   0x080003d6   0x00000010   Code   RO         2878    i.DAC_DMAConvCpltCh2  stm32f4xx_hal_dac_ex.o
    0x080003e6   0x080003e6   0x00000018   Code   RO         3291    i.DAC_DMAErrorCh1   stm32f4xx_hal_dac.o
    0x080003fe   0x080003fe   0x00000018   Code   RO         2879    i.DAC_DMAErrorCh2   stm32f4xx_hal_dac_ex.o
    0x08000416   0x08000416   0x0000000a   Code   RO         3292    i.DAC_DMAHalfConvCpltCh1  stm32f4xx_hal_dac.o
    0x08000420   0x08000420   0x0000000a   Code   RO         2880    i.DAC_DMAHalfConvCpltCh2  stm32f4xx_hal_dac_ex.o
    0x0800042a   0x0800042a   0x00000002   PAD
    0x0800042c   0x0800042c   0x0000000c   Code   RO          746    i.DMA1_Stream5_IRQHandler  stm32f4xx_it.o
    0x08000438   0x08000438   0x0000000c   Code   RO          747    i.DMA1_Stream6_IRQHandler  stm32f4xx_it.o
    0x08000444   0x08000444   0x00000028   Code   RO         2962    i.DMA_CalcBaseAndBitshift  stm32f4xx_hal_dma.o
    0x0800046c   0x0800046c   0x00000054   Code   RO         2963    i.DMA_CheckFifoParam  stm32f4xx_hal_dma.o
    0x080004c0   0x080004c0   0x00000028   Code   RO         2964    i.DMA_SetConfig     stm32f4xx_hal_dma.o
    0x080004e8   0x080004e8   0x00000002   Code   RO          748    i.DebugMon_Handler  stm32f4xx_it.o
    0x080004ea   0x080004ea   0x00000006   Code   RO          605    i.FATFS_LinkDriver  ff_gen_drv.o
    0x080004f0   0x080004f0   0x00000040   Code   RO          606    i.FATFS_LinkDriverEx  ff_gen_drv.o
    0x08000530   0x08000530   0x00000154   Code   RO         4054    i.HAL_ADC_ConfigChannel  stm32f4xx_hal_adc.o
    0x08000684   0x08000684   0x00000006   Code   RO         4061    i.HAL_ADC_GetValue  stm32f4xx_hal_adc.o
    0x0800068a   0x0800068a   0x00000054   Code   RO         4063    i.HAL_ADC_Init      stm32f4xx_hal_adc.o
    0x080006de   0x080006de   0x00000002   PAD
    0x080006e0   0x080006e0   0x00000044   Code   RO         1194    i.HAL_ADC_MspInit   adc.o
    0x08000724   0x08000724   0x000000a2   Code   RO         4067    i.HAL_ADC_PollForConversion  stm32f4xx_hal_adc.o
    0x080007c6   0x080007c6   0x00000002   PAD
    0x080007c8   0x080007c8   0x000000bc   Code   RO         4069    i.HAL_ADC_Start     stm32f4xx_hal_adc.o
    0x08000884   0x08000884   0x00000002   Code   RO         2881    i.HAL_DACEx_ConvCpltCallbackCh2  stm32f4xx_hal_dac_ex.o
    0x08000886   0x08000886   0x00000002   Code   RO         2882    i.HAL_DACEx_ConvHalfCpltCallbackCh2  stm32f4xx_hal_dac_ex.o
    0x08000888   0x08000888   0x00000002   Code   RO         2886    i.HAL_DACEx_ErrorCallbackCh2  stm32f4xx_hal_dac_ex.o
    0x0800088a   0x0800088a   0x00000042   Code   RO         3293    i.HAL_DAC_ConfigChannel  stm32f4xx_hal_dac.o
    0x080008cc   0x080008cc   0x00000002   Code   RO         3294    i.HAL_DAC_ConvCpltCallbackCh1  stm32f4xx_hal_dac.o
    0x080008ce   0x080008ce   0x00000002   Code   RO         3295    i.HAL_DAC_ConvHalfCpltCallbackCh1  stm32f4xx_hal_dac.o
    0x080008d0   0x080008d0   0x00000002   Code   RO         3298    i.HAL_DAC_ErrorCallbackCh1  stm32f4xx_hal_dac.o
    0x080008d2   0x080008d2   0x00000028   Code   RO         3303    i.HAL_DAC_Init      stm32f4xx_hal_dac.o
    0x080008fa   0x080008fa   0x00000002   PAD
    0x080008fc   0x080008fc   0x000000dc   Code   RO          834    i.HAL_DAC_MspInit   dac.o
    0x080009d8   0x080009d8   0x00000100   Code   RO         3308    i.HAL_DAC_Start_DMA  stm32f4xx_hal_dac.o
    0x08000ad8   0x08000ad8   0x000001a8   Code   RO         2970    i.HAL_DMA_IRQHandler  stm32f4xx_hal_dma.o
    0x08000c80   0x08000c80   0x000000d4   Code   RO         2971    i.HAL_DMA_Init      stm32f4xx_hal_dma.o
    0x08000d54   0x08000d54   0x00000078   Code   RO         2975    i.HAL_DMA_Start_IT  stm32f4xx_hal_dma.o
    0x08000dcc   0x08000dcc   0x0000001c   Code   RO         1242    i.HAL_Delay         stm32f4xx_hal.o
    0x08000de8   0x08000de8   0x000001cc   Code   RO         1556    i.HAL_GPIO_Init     stm32f4xx_hal_gpio.o
    0x08000fb4   0x08000fb4   0x00000008   Code   RO         1559    i.HAL_GPIO_TogglePin  stm32f4xx_hal_gpio.o
    0x08000fbc   0x08000fbc   0x0000000a   Code   RO         1560    i.HAL_GPIO_WritePin  stm32f4xx_hal_gpio.o
    0x08000fc6   0x08000fc6   0x00000002   PAD
    0x08000fc8   0x08000fc8   0x0000000c   Code   RO         1250    i.HAL_GetTick       stm32f4xx_hal.o
    0x08000fd4   0x08000fd4   0x00000010   Code   RO         1252    i.HAL_IncTick       stm32f4xx_hal.o
    0x08000fe4   0x08000fe4   0x00000034   Code   RO         1253    i.HAL_Init          stm32f4xx_hal.o
    0x08001018   0x08001018   0x00000028   Code   RO         1254    i.HAL_InitTick      stm32f4xx_hal.o
    0x08001040   0x08001040   0x00000058   Code   RO         1133    i.HAL_MspInit       stm32f4xx_hal_msp.o
    0x08001098   0x08001098   0x00000016   Code   RO         1423    i.HAL_NVIC_EnableIRQ  stm32f4xx_hal_cortex.o
    0x080010ae   0x080010ae   0x00000002   PAD
    0x080010b0   0x080010b0   0x00000040   Code   RO         1429    i.HAL_NVIC_SetPriority  stm32f4xx_hal_cortex.o
    0x080010f0   0x080010f0   0x00000024   Code   RO         1430    i.HAL_NVIC_SetPriorityGrouping  stm32f4xx_hal_cortex.o
    0x08001114   0x08001114   0x000003dc   Code   RO         3651    i.HAL_RCCEx_PeriphCLKConfig  stm32f4xx_hal_rcc_ex.o
    0x080014f0   0x080014f0   0x0000017c   Code   RO         3189    i.HAL_RCC_ClockConfig  stm32f4xx_hal_rcc.o
    0x0800166c   0x0800166c   0x0000000c   Code   RO         3194    i.HAL_RCC_GetHCLKFreq  stm32f4xx_hal_rcc.o
    0x08001678   0x08001678   0x00000074   Code   RO         3198    i.HAL_RCC_GetSysClockFreq  stm32f4xx_hal_rcc.o
    0x080016ec   0x080016ec   0x00000328   Code   RO         3655    i.HAL_RCC_OscConfig  stm32f4xx_hal_rcc_ex.o
    0x08001a14   0x08001a14   0x000001da   Code   RO         3717    i.HAL_SD_GetCardCSD  stm32f4xx_hal_sd.o
    0x08001bee   0x08001bee   0x00000024   Code   RO         3718    i.HAL_SD_GetCardInfo  stm32f4xx_hal_sd.o
    0x08001c12   0x08001c12   0x0000002c   Code   RO         3719    i.HAL_SD_GetCardState  stm32f4xx_hal_sd.o
    0x08001c3e   0x08001c3e   0x00000036   Code   RO         3724    i.HAL_SD_Init       stm32f4xx_hal_sd.o
    0x08001c74   0x08001c74   0x00000054   Code   RO         3725    i.HAL_SD_InitCard   stm32f4xx_hal_sd.o
    0x08001cc8   0x08001cc8   0x00000064   Code   RO          936    i.HAL_SD_MspInit    sdio.o
    0x08001d2c   0x08001d2c   0x000001ae   Code   RO         3728    i.HAL_SD_ReadBlocks  stm32f4xx_hal_sd.o
    0x08001eda   0x08001eda   0x00000002   PAD
    0x08001edc   0x08001edc   0x00000196   Code   RO         3733    i.HAL_SD_WriteBlocks  stm32f4xx_hal_sd.o
    0x08002072   0x08002072   0x00000018   Code   RO         1432    i.HAL_SYSTICK_CLKSourceConfig  stm32f4xx_hal_cortex.o
    0x0800208a   0x0800208a   0x00000002   Code   RO         1433    i.HAL_SYSTICK_Callback  stm32f4xx_hal_cortex.o
    0x0800208c   0x0800208c   0x00000028   Code   RO         1434    i.HAL_SYSTICK_Config  stm32f4xx_hal_cortex.o
    0x080020b4   0x080020b4   0x00000008   Code   RO         1435    i.HAL_SYSTICK_IRQHandler  stm32f4xx_hal_cortex.o
    0x080020bc   0x080020bc   0x00000050   Code   RO         1761    i.HAL_TIMEx_MasterConfigSynchronization  stm32f4xx_hal_tim_ex.o
    0x0800210c   0x0800210c   0x00000036   Code   RO         1985    i.HAL_TIM_Base_Init  stm32f4xx_hal_tim.o
    0x08002142   0x08002142   0x00000002   PAD
    0x08002144   0x08002144   0x00000058   Code   RO          876    i.HAL_TIM_Base_MspInit  tim.o
    0x0800219c   0x0800219c   0x0000001a   Code   RO         1988    i.HAL_TIM_Base_Start  stm32f4xx_hal_tim.o
    0x080021b6   0x080021b6   0x000000f2   Code   RO         1994    i.HAL_TIM_ConfigClockSource  stm32f4xx_hal_tim.o
    0x080022a8   0x080022a8   0x00000044   Code   RO          877    i.HAL_TIM_MspPostInit  tim.o
    0x080022ec   0x080022ec   0x000000d0   Code   RO         2051    i.HAL_TIM_PWM_ConfigChannel  stm32f4xx_hal_tim.o
    0x080023bc   0x080023bc   0x00000036   Code   RO         2054    i.HAL_TIM_PWM_Init  stm32f4xx_hal_tim.o
    0x080023f2   0x080023f2   0x00000002   Code   RO         2056    i.HAL_TIM_PWM_MspInit  stm32f4xx_hal_tim.o
    0x080023f4   0x080023f4   0x00000002   Code   RO          749    i.HardFault_Handler  stm32f4xx_it.o
    0x080023f6   0x080023f6   0x00000002   PAD
    0x080023f8   0x080023f8   0x0000006c   Code   RO         1195    i.MX_ADC1_Init      adc.o
    0x08002464   0x08002464   0x00000064   Code   RO          835    i.MX_DAC_Init       dac.o
    0x080024c8   0x080024c8   0x0000003c   Code   RO         1001    i.MX_DMA_Init       dma.o
    0x08002504   0x08002504   0x0000001c   Code   RO         1157    i.MX_FATFS_Init     fatfs.o
    0x08002520   0x08002520   0x00000098   Code   RO          977    i.MX_GPIO_Init      gpio.o
    0x080025b8   0x080025b8   0x00000020   Code   RO          937    i.MX_SDIO_SD_Init   sdio.o
    0x080025d8   0x080025d8   0x000000a8   Code   RO          878    i.MX_TIM2_Init      tim.o
    0x08002680   0x08002680   0x00000074   Code   RO          879    i.MX_TIM4_Init      tim.o
    0x080026f4   0x080026f4   0x000000ac   Code   RO          880    i.MX_TIM5_Init      tim.o
    0x080027a0   0x080027a0   0x00000002   Code   RO          750    i.MemManage_Handler  stm32f4xx_it.o
    0x080027a2   0x080027a2   0x00000002   Code   RO          751    i.NMI_Handler       stm32f4xx_it.o
    0x080027a4   0x080027a4   0x00000016   Code   RO          655    i.NVIC_EnableIRQ    main.o
    0x080027ba   0x080027ba   0x00000020   Code   RO         1436    i.NVIC_SetPriority  stm32f4xx_hal_cortex.o
    0x080027da   0x080027da   0x00000002   Code   RO          752    i.PendSV_Handler    stm32f4xx_it.o
    0x080027dc   0x080027dc   0x00000024   Code   RO         2614    i.SDIO_ConfigData   stm32f4xx_ll_sdmmc.o
    0x08002800   0x08002800   0x00000008   Code   RO         2618    i.SDIO_GetPowerState  stm32f4xx_ll_sdmmc.o
    0x08002808   0x08002808   0x0000000c   Code   RO         2619    i.SDIO_GetResponse  stm32f4xx_ll_sdmmc.o
    0x08002814   0x08002814   0x00000024   Code   RO         2620    i.SDIO_Init         stm32f4xx_ll_sdmmc.o
    0x08002838   0x08002838   0x00000008   Code   RO         2622    i.SDIO_PowerState_ON  stm32f4xx_ll_sdmmc.o
    0x08002840   0x08002840   0x00000006   Code   RO         2623    i.SDIO_ReadFIFO     stm32f4xx_ll_sdmmc.o
    0x08002846   0x08002846   0x00000020   Code   RO         2624    i.SDIO_SendCommand  stm32f4xx_ll_sdmmc.o
    0x08002866   0x08002866   0x0000000a   Code   RO         2626    i.SDIO_WriteFIFO    stm32f4xx_ll_sdmmc.o
    0x08002870   0x08002870   0x00000032   Code   RO         2627    i.SDMMC_CmdAppCommand  stm32f4xx_ll_sdmmc.o
    0x080028a2   0x080028a2   0x00000002   PAD
    0x080028a4   0x080028a4   0x00000034   Code   RO         2628    i.SDMMC_CmdAppOperCommand  stm32f4xx_ll_sdmmc.o
    0x080028d8   0x080028d8   0x00000032   Code   RO         2629    i.SDMMC_CmdBlockLength  stm32f4xx_ll_sdmmc.o
    0x0800290a   0x0800290a   0x00000002   PAD
    0x0800290c   0x0800290c   0x00000050   Code   RO         2634    i.SDMMC_CmdGoIdleState  stm32f4xx_ll_sdmmc.o
    0x0800295c   0x0800295c   0x00000068   Code   RO         2636    i.SDMMC_CmdOperCond  stm32f4xx_ll_sdmmc.o
    0x080029c4   0x080029c4   0x00000032   Code   RO         2637    i.SDMMC_CmdReadMultiBlock  stm32f4xx_ll_sdmmc.o
    0x080029f6   0x080029f6   0x00000032   Code   RO         2638    i.SDMMC_CmdReadSingleBlock  stm32f4xx_ll_sdmmc.o
    0x08002a28   0x08002a28   0x00000032   Code   RO         2641    i.SDMMC_CmdSelDesel  stm32f4xx_ll_sdmmc.o
    0x08002a5a   0x08002a5a   0x0000002c   Code   RO         2642    i.SDMMC_CmdSendCID  stm32f4xx_ll_sdmmc.o
    0x08002a86   0x08002a86   0x0000002c   Code   RO         2643    i.SDMMC_CmdSendCSD  stm32f4xx_ll_sdmmc.o
    0x08002ab2   0x08002ab2   0x00000032   Code   RO         2645    i.SDMMC_CmdSendStatus  stm32f4xx_ll_sdmmc.o
    0x08002ae4   0x08002ae4   0x00000030   Code   RO         2646    i.SDMMC_CmdSetRelAdd  stm32f4xx_ll_sdmmc.o
    0x08002b14   0x08002b14   0x00000034   Code   RO         2648    i.SDMMC_CmdStopTransfer  stm32f4xx_ll_sdmmc.o
    0x08002b48   0x08002b48   0x00000032   Code   RO         2650    i.SDMMC_CmdWriteMultiBlock  stm32f4xx_ll_sdmmc.o
    0x08002b7a   0x08002b7a   0x00000032   Code   RO         2651    i.SDMMC_CmdWriteSingleBlock  stm32f4xx_ll_sdmmc.o
    0x08002bac   0x08002bac   0x0000011c   Code   RO         2652    i.SDMMC_GetCmdResp1  stm32f4xx_ll_sdmmc.o
    0x08002cc8   0x08002cc8   0x00000050   Code   RO         2653    i.SDMMC_GetCmdResp2  stm32f4xx_ll_sdmmc.o
    0x08002d18   0x08002d18   0x00000040   Code   RO         2654    i.SDMMC_GetCmdResp3  stm32f4xx_ll_sdmmc.o
    0x08002d58   0x08002d58   0x00000084   Code   RO         2655    i.SDMMC_GetCmdResp6  stm32f4xx_ll_sdmmc.o
    0x08002ddc   0x08002ddc   0x000000e6   Code   RO         3742    i.SD_InitCard       stm32f4xx_hal_sd.o
    0x08002ec2   0x08002ec2   0x000000a2   Code   RO         3743    i.SD_PowerON        stm32f4xx_hal_sd.o
    0x08002f64   0x08002f64   0x00000020   Code   RO           13    i.SD_initialize     sd_diskio.o
    0x08002f84   0x08002f84   0x00000050   Code   RO           14    i.SD_ioctl          sd_diskio.o
    0x08002fd4   0x08002fd4   0x0000003c   Code   RO           15    i.SD_read           sd_diskio.o
    0x08003010   0x08003010   0x00000020   Code   RO           16    i.SD_status         sd_diskio.o
    0x08003030   0x08003030   0x0000003c   Code   RO           17    i.SD_write          sd_diskio.o
    0x0800306c   0x0800306c   0x00000002   Code   RO          753    i.SVC_Handler       stm32f4xx_it.o
    0x0800306e   0x0800306e   0x0000000e   Code   RO          754    i.SysTick_Handler   stm32f4xx_it.o
    0x0800307c   0x0800307c   0x000000b8   Code   RO          656    i.SystemClock_Config  main.o
    0x08003134   0x08003134   0x00000054   Code   RO         4220    i.SystemInit        system_stm32f4xx.o
    0x08003188   0x08003188   0x000000c0   Code   RO         2069    i.TIM_Base_SetConfig  stm32f4xx_hal_tim.o
    0x08003248   0x08003248   0x00000014   Code   RO         2076    i.TIM_ETR_SetConfig  stm32f4xx_hal_tim.o
    0x0800325c   0x0800325c   0x00000010   Code   RO         2077    i.TIM_ITRx_SetConfig  stm32f4xx_hal_tim.o
    0x0800326c   0x0800326c   0x00000058   Code   RO         2078    i.TIM_OC1_SetConfig  stm32f4xx_hal_tim.o
    0x080032c4   0x080032c4   0x00000064   Code   RO         2079    i.TIM_OC2_SetConfig  stm32f4xx_hal_tim.o
    0x08003328   0x08003328   0x00000060   Code   RO         2080    i.TIM_OC3_SetConfig  stm32f4xx_hal_tim.o
    0x08003388   0x08003388   0x00000050   Code   RO         2081    i.TIM_OC4_SetConfig  stm32f4xx_hal_tim.o
    0x080033d8   0x080033d8   0x00000022   Code   RO         2083    i.TIM_TI1_ConfigInputStage  stm32f4xx_hal_tim.o
    0x080033fa   0x080033fa   0x00000024   Code   RO         2085    i.TIM_TI2_ConfigInputStage  stm32f4xx_hal_tim.o
    0x0800341e   0x0800341e   0x00000002   Code   RO          755    i.UsageFault_Handler  stm32f4xx_it.o
    0x08003420   0x08003420   0x00000002   Code   RO          657    i._Error_Handler    main.o
    0x08003422   0x08003422   0x0000000e   Code   RO         4275    i.__scatterload_copy  mc_w.l(handlers.o)
    0x08003430   0x08003430   0x00000002   Code   RO         4276    i.__scatterload_null  mc_w.l(handlers.o)
    0x08003432   0x08003432   0x0000000e   Code   RO         4277    i.__scatterload_zeroinit  mc_w.l(handlers.o)
    0x08003440   0x08003440   0x00000060   Code   RO          198    i.check_fs          ff.o
    0x080034a0   0x080034a0   0x0000006c   Code   RO          199    i.chk_lock          ff.o
    0x0800350c   0x0800350c   0x00000024   Code   RO          200    i.clear_lock        ff.o
    0x08003530   0x08003530   0x0000002a   Code   RO          201    i.clmt_clust        ff.o
    0x0800355a   0x0800355a   0x0000001e   Code   RO          202    i.clust2sect        ff.o
    0x08003578   0x08003578   0x000000b0   Code   RO          203    i.create_chain      ff.o
    0x08003628   0x08003628   0x00000100   Code   RO          204    i.create_name       ff.o
    0x08003728   0x08003728   0x0000003c   Code   RO          205    i.dec_lock          ff.o
    0x08003764   0x08003764   0x0000011e   Code   RO          206    i.dir_next          ff.o
    0x08003882   0x08003882   0x00000076   Code   RO          208    i.dir_register      ff.o
    0x080038f8   0x080038f8   0x00000098   Code   RO          210    i.dir_sdi           ff.o
    0x08003990   0x08003990   0x00000028   Code   RO          549    i.disk_initialize   diskio.o
    0x080039b8   0x080039b8   0x0000001c   Code   RO          550    i.disk_ioctl        diskio.o
    0x080039d4   0x080039d4   0x0000001c   Code   RO          551    i.disk_read         diskio.o
    0x080039f0   0x080039f0   0x00000018   Code   RO          552    i.disk_status       diskio.o
    0x08003a08   0x08003a08   0x0000001c   Code   RO          553    i.disk_write        diskio.o
    0x08003a24   0x08003a24   0x0000002a   Code   RO          212    i.f_close           ff.o
    0x08003a4e   0x08003a4e   0x00000002   PAD
    0x08003a50   0x08003a50   0x0000005c   Code   RO          219    i.f_mount           ff.o
    0x08003aac   0x08003aac   0x000001a0   Code   RO          220    i.f_open            ff.o
    0x08003c4c   0x08003c4c   0x0000018c   Code   RO          225    i.f_read            ff.o
    0x08003dd8   0x08003dd8   0x000000b8   Code   RO          229    i.f_sync            ff.o
    0x08003e90   0x08003e90   0x00000258   Code   RO          234    i.find_volume       ff.o
    0x080040e8   0x080040e8   0x000000c0   Code   RO          235    i.follow_path       ff.o
    0x080041a8   0x080041a8   0x000000c2   Code   RO          236    i.get_fat           ff.o
    0x0800426a   0x0800426a   0x00000004   Code   RO         1158    i.get_fattime       fatfs.o
    0x0800426e   0x0800426e   0x0000003c   Code   RO          238    i.get_ldnumber      ff.o
    0x080042aa   0x080042aa   0x00000002   PAD
    0x080042ac   0x080042ac   0x000000a0   Code   RO          239    i.inc_lock          ff.o
    0x0800434c   0x0800434c   0x00000014   Code   RO          240    i.ld_clust          ff.o
    0x08004360   0x08004360   0x0000028c   Code   RO          658    i.main              main.o
    0x080045ec   0x080045ec   0x00000012   Code   RO          241    i.mem_cpy           ff.o
    0x080045fe   0x080045fe   0x0000000e   Code   RO          242    i.mem_set           ff.o
    0x0800460c   0x0800460c   0x00000036   Code   RO          243    i.move_window       ff.o
    0x08004642   0x08004642   0x000000f8   Code   RO          244    i.put_fat           ff.o
    0x0800473a   0x0800473a   0x0000006e   Code   RO          246    i.remove_chain      ff.o
    0x080047a8   0x080047a8   0x00000010   Code   RO          247    i.st_clust          ff.o
    0x080047b8   0x080047b8   0x000000b6   Code   RO          248    i.sync_fs           ff.o
    0x0800486e   0x0800486e   0x00000060   Code   RO          249    i.sync_window       ff.o
    0x080048ce   0x080048ce   0x0000002c   Code   RO          250    i.validate          ff.o
    0x080048fa   0x080048fa   0x00000002   PAD
    0x080048fc   0x080048fc   0x00000014   Data   RO           18    .constdata          sd_diskio.o
    0x08004910   0x08004910   0x000000ac   Data   RO          252    .constdata          ff.o
    0x080049bc   0x080049bc   0x00000008   Data   RO         2977    .constdata          stm32f4xx_hal_dma.o
    0x080049c4   0x080049c4   0x00000010   Data   RO         4221    .constdata          system_stm32f4xx.o
    0x080049d4   0x080049d4   0x00000020   Data   RO         4273    Region$$Table       anon$$obj.o


    Execution Region RW_IRAM1 (Exec base: 0x20000000, Load base: 0x080049f4, Size: 0x000182d8, Max: 0x00050000, ABSOLUTE)

    Exec Addr    Load Addr    Size         Type   Attr      Idx    E Section Name        Object

    0x20000000   0x080049f4   0x00000001   Data   RW           19    .data               sd_diskio.o
    0x20000001   0x080049f5   0x00000003   PAD
    0x20000004   0x080049f8   0x00000008   Data   RW          253    .data               ff.o
    0x2000000c   0x08004a00   0x0000000c   Data   RW          662    .data               main.o
    0x20000018   0x08004a0c   0x00000005   Data   RW         1159    .data               fatfs.o
    0x2000001d   0x08004a11   0x00000003   PAD
    0x20000020   0x08004a14   0x00000004   Data   RW         1259    .data               stm32f4xx_hal.o
    0x20000024   0x08004a18   0x00000004   Data   RW         4223    .data               system_stm32f4xx.o
    0x20000028        -       0x00000018   Zero   RW          251    .bss                ff.o
    0x20000040        -       0x0000000c   Zero   RW          609    .bss                ff_gen_drv.o
    0x2000004c        -       0x00017c34   Zero   RW          659    .bss                main.o
    0x20017c80        -       0x000000d4   Zero   RW          836    .bss                dac.o
    0x20017d54        -       0x000000b4   Zero   RW          881    .bss                tim.o
    0x20017e08        -       0x00000084   Zero   RW          938    .bss                sdio.o
    0x20017e8c        -       0x00000048   Zero   RW         1196    .bss                adc.o
    0x20017ed4   0x08004a1c   0x00000004   PAD
    0x20017ed8        -       0x00000400   Zero   RW            1    STACK               startup_stm32f469xx.o


==============================================================================

Image component sizes


      Code (inc. data)   RO Data    RW Data    ZI Data      Debug   Object Name

       176         42          0          0         72       1609   adc.o
       136         26          0          0          0       3526   bsp_driver_sd.o
       320         60          0          0        212       1827   dac.o
       148         22          0          0          0       3753   diskio.o
        60          4          0          0          0        770   dma.o
        32         10          0          5          0       1422   fatfs.o
      4498         70        172          8         24      32821   ff.o
        70          4          0          0         12       1643   ff_gen_drv.o
       152         12          0          0          0        947   gpio.o
       860         82          0         12      97332      30829   main.o
       264         34         20          1          0     903796   sd_diskio.o
       132         26          0          0        132       1577   sdio.o
        36          8        436          0       1024        840   startup_stm32f469xx.o
       148         22          0          4          0       4451   stm32f4xx_hal.o
      1080         48          0          0          0       5230   stm32f4xx_hal_adc.o
       228         14          0          0          0      32181   stm32f4xx_hal_cortex.o
       418         26          0          0          0       6450   stm32f4xx_hal_dac.o
        56          0          0          0          0       3957   stm32f4xx_hal_dac_ex.o
       920         22          8          0          0       5851   stm32f4xx_hal_dma.o
       478         52          0          0          0       3065   stm32f4xx_hal_gpio.o
        88          0          0          0          0        526   stm32f4xx_hal_msp.o
       508         34          0          0          0       3126   stm32f4xx_hal_rcc.o
      1796         54          0          0          0       3120   stm32f4xx_hal_rcc_ex.o
      1920          4          0          0          0       9824   stm32f4xx_hal_sd.o
      1248         80          0          0          0      11859   stm32f4xx_hal_tim.o
        80          0          0          0          0       1300   stm32f4xx_hal_tim_ex.o
        54         12          0          0          0       5106   stm32f4xx_it.o
      1532         42          0          0          0      21372   stm32f4xx_ll_sdmmc.o
        84         18         16          4          0       1171   system_stm32f4xx.o
       612         94          0          0        180       3774   tim.o

    ----------------------------------------------------------------------
     18162        922        684         40      98992    1107723   Object Totals
         0          0         32          0          0          0   (incl. Generated)
        28          0          0          6          4          0   (incl. Padding)

    ----------------------------------------------------------------------

      Code (inc. data)   RO Data    RW Data    ZI Data      Debug   Library Member Name

         0          0          0          0          0          0   entry.o
         0          0          0          0          0          0   entry10a.o
         0          0          0          0          0          0   entry11a.o
         8          4          0          0          0          0   entry2.o
         4          0          0          0          0          0   entry5.o
         0          0          0          0          0          0   entry7b.o
         0          0          0          0          0          0   entry8b.o
         8          4          0          0          0          0   entry9a.o
        30          0          0          0          0          0   handlers.o
        36          8          0          0          0         68   init.o

    ----------------------------------------------------------------------
        86         16          0          0          0         68   Library Totals
         0          0          0          0          0          0   (incl. Padding)

    ----------------------------------------------------------------------

      Code (inc. data)   RO Data    RW Data    ZI Data      Debug   Library Name

        86         16          0          0          0         68   mc_w.l

    ----------------------------------------------------------------------
        86         16          0          0          0         68   Library Totals

    ----------------------------------------------------------------------

==============================================================================


      Code (inc. data)   RO Data    RW Data    ZI Data      Debug   

     18248        938        684         40      98992    1090795   Grand Totals
     18248        938        684         40      98992    1090795   ELF Image Totals
     18248        938        684         40          0          0   ROM Totals

==============================================================================

    Total RO  Size (Code + RO Data)                18932 (  18.49kB)
    Total RW  Size (RW Data + ZI Data)             99032 (  96.71kB)
    Total ROM Size (Code + RO Data + RW Data)      18972 (  18.53kB)

==============================================================================

